Archive member included to satisfy reference by file (symbol)

D:/ST/STM32CubeIDE_1.16.0/STM32CubeIDE/plugins/com.st.stm32cube.ide.mcu.externaltools.gnu-tools-for-stm32.12.3.rel1.win32_1.0.200.202406191623/tools/bin/../lib/gcc/arm-none-eabi/12.3.1/../../../../arm-none-eabi/lib/thumb/v7e-m+fp/hard\libc_nano.a(libc_a-exit.o)
                              D:/ST/STM32CubeIDE_1.16.0/STM32CubeIDE/plugins/com.st.stm32cube.ide.mcu.externaltools.gnu-tools-for-stm32.12.3.rel1.win32_1.0.200.202406191623/tools/bin/../lib/gcc/arm-none-eabi/12.3.1/../../../../arm-none-eabi/lib/thumb/v7e-m+fp/hard/crt0.o (exit)
D:/ST/STM32CubeIDE_1.16.0/STM32CubeIDE/plugins/com.st.stm32cube.ide.mcu.externaltools.gnu-tools-for-stm32.12.3.rel1.win32_1.0.200.202406191623/tools/bin/../lib/gcc/arm-none-eabi/12.3.1/../../../../arm-none-eabi/lib/thumb/v7e-m+fp/hard\libc_nano.a(libc_a-findfp.o)
                              D:/ST/STM32CubeIDE_1.16.0/STM32CubeIDE/plugins/com.st.stm32cube.ide.mcu.externaltools.gnu-tools-for-stm32.12.3.rel1.win32_1.0.200.202406191623/tools/bin/../lib/gcc/arm-none-eabi/12.3.1/../../../../arm-none-eabi/lib/thumb/v7e-m+fp/hard\libc_nano.a(libc_a-exit.o) (__stdio_exit_handler)
D:/ST/STM32CubeIDE_1.16.0/STM32CubeIDE/plugins/com.st.stm32cube.ide.mcu.externaltools.gnu-tools-for-stm32.12.3.rel1.win32_1.0.200.202406191623/tools/bin/../lib/gcc/arm-none-eabi/12.3.1/../../../../arm-none-eabi/lib/thumb/v7e-m+fp/hard\libc_nano.a(libc_a-fwalk.o)
                              D:/ST/STM32CubeIDE_1.16.0/STM32CubeIDE/plugins/com.st.stm32cube.ide.mcu.externaltools.gnu-tools-for-stm32.12.3.rel1.win32_1.0.200.202406191623/tools/bin/../lib/gcc/arm-none-eabi/12.3.1/../../../../arm-none-eabi/lib/thumb/v7e-m+fp/hard\libc_nano.a(libc_a-findfp.o) (_fwalk_sglue)
D:/ST/STM32CubeIDE_1.16.0/STM32CubeIDE/plugins/com.st.stm32cube.ide.mcu.externaltools.gnu-tools-for-stm32.12.3.rel1.win32_1.0.200.202406191623/tools/bin/../lib/gcc/arm-none-eabi/12.3.1/../../../../arm-none-eabi/lib/thumb/v7e-m+fp/hard\libc_nano.a(libc_a-stdio.o)
                              D:/ST/STM32CubeIDE_1.16.0/STM32CubeIDE/plugins/com.st.stm32cube.ide.mcu.externaltools.gnu-tools-for-stm32.12.3.rel1.win32_1.0.200.202406191623/tools/bin/../lib/gcc/arm-none-eabi/12.3.1/../../../../arm-none-eabi/lib/thumb/v7e-m+fp/hard\libc_nano.a(libc_a-findfp.o) (__sread)
D:/ST/STM32CubeIDE_1.16.0/STM32CubeIDE/plugins/com.st.stm32cube.ide.mcu.externaltools.gnu-tools-for-stm32.12.3.rel1.win32_1.0.200.202406191623/tools/bin/../lib/gcc/arm-none-eabi/12.3.1/../../../../arm-none-eabi/lib/thumb/v7e-m+fp/hard\libc_nano.a(libc_a-memset.o)
                              D:/ST/STM32CubeIDE_1.16.0/STM32CubeIDE/plugins/com.st.stm32cube.ide.mcu.externaltools.gnu-tools-for-stm32.12.3.rel1.win32_1.0.200.202406191623/tools/bin/../lib/gcc/arm-none-eabi/12.3.1/../../../../arm-none-eabi/lib/thumb/v7e-m+fp/hard/crt0.o (memset)
D:/ST/STM32CubeIDE_1.16.0/STM32CubeIDE/plugins/com.st.stm32cube.ide.mcu.externaltools.gnu-tools-for-stm32.12.3.rel1.win32_1.0.200.202406191623/tools/bin/../lib/gcc/arm-none-eabi/12.3.1/../../../../arm-none-eabi/lib/thumb/v7e-m+fp/hard\libc_nano.a(libc_a-closer.o)
                              D:/ST/STM32CubeIDE_1.16.0/STM32CubeIDE/plugins/com.st.stm32cube.ide.mcu.externaltools.gnu-tools-for-stm32.12.3.rel1.win32_1.0.200.202406191623/tools/bin/../lib/gcc/arm-none-eabi/12.3.1/../../../../arm-none-eabi/lib/thumb/v7e-m+fp/hard\libc_nano.a(libc_a-stdio.o) (_close_r)
D:/ST/STM32CubeIDE_1.16.0/STM32CubeIDE/plugins/com.st.stm32cube.ide.mcu.externaltools.gnu-tools-for-stm32.12.3.rel1.win32_1.0.200.202406191623/tools/bin/../lib/gcc/arm-none-eabi/12.3.1/../../../../arm-none-eabi/lib/thumb/v7e-m+fp/hard\libc_nano.a(libc_a-reent.o)
                              D:/ST/STM32CubeIDE_1.16.0/STM32CubeIDE/plugins/com.st.stm32cube.ide.mcu.externaltools.gnu-tools-for-stm32.12.3.rel1.win32_1.0.200.202406191623/tools/bin/../lib/gcc/arm-none-eabi/12.3.1/../../../../arm-none-eabi/lib/thumb/v7e-m+fp/hard\libc_nano.a(libc_a-closer.o) (errno)
D:/ST/STM32CubeIDE_1.16.0/STM32CubeIDE/plugins/com.st.stm32cube.ide.mcu.externaltools.gnu-tools-for-stm32.12.3.rel1.win32_1.0.200.202406191623/tools/bin/../lib/gcc/arm-none-eabi/12.3.1/../../../../arm-none-eabi/lib/thumb/v7e-m+fp/hard\libc_nano.a(libc_a-impure.o)
                              D:/ST/STM32CubeIDE_1.16.0/STM32CubeIDE/plugins/com.st.stm32cube.ide.mcu.externaltools.gnu-tools-for-stm32.12.3.rel1.win32_1.0.200.202406191623/tools/bin/../lib/gcc/arm-none-eabi/12.3.1/../../../../arm-none-eabi/lib/thumb/v7e-m+fp/hard\libc_nano.a(libc_a-reent.o) (_impure_ptr)
D:/ST/STM32CubeIDE_1.16.0/STM32CubeIDE/plugins/com.st.stm32cube.ide.mcu.externaltools.gnu-tools-for-stm32.12.3.rel1.win32_1.0.200.202406191623/tools/bin/../lib/gcc/arm-none-eabi/12.3.1/../../../../arm-none-eabi/lib/thumb/v7e-m+fp/hard\libc_nano.a(libc_a-lseekr.o)
[...]
Memory Configuration

Name             Origin             Length             Attributes
CCMRAM           0x10000000         0x00010000         xrw
RAM              0x20000000         0x00030000         xrw
FLASH            0x08000000         0x00100000         xr
*default*        0x00000000         0xffffffff

Linker script and memory map

LOAD D:/ST/STM32CubeIDE_1.16.0/STM32CubeIDE/plugins/com.st.stm32cube.ide.mcu.externaltools.gnu-tools-for-stm32.12.3.rel1.win32_1.0.200.202406191623/tools/bin/../lib/gcc/arm-none-eabi/12.3.1/thumb/v7e-m+fp/hard/crti.o
LOAD D:/ST/STM32CubeIDE_1.16.0/STM32CubeIDE/plugins/com.st.stm32cube.ide.mcu.externaltools.gnu-tools-for-stm32.12.3.rel1.win32_1.0.200.202406191623/tools/bin/../lib/gcc/arm-none-eabi/12.3.1/thumb/v7e-m+fp/hard/crtbegin.o
LOAD D:/ST/STM32CubeIDE_1.16.0/STM32CubeIDE/plugins/com.st.stm32cube.ide.mcu.externaltools.gnu-tools-for-stm32.12.3.rel1.win32_1.0.200.202406191623/tools/bin/../lib/gcc/arm-none-eabi/12.3.1/../../../../arm-none-eabi/lib/thumb/v7e-m+fp/hard/crt0.o
LOAD ./Core/Src/ADS1294.o
LOAD ./Core/Src/MAX31856drv.o
LOAD ./Core/Src/PID.o
LOAD ./Core/Src/adc.o
LOAD ./Core/Src/crc.o
LOAD ./Core/Src/dac.o
LOAD ./Core/Src/dma.o
LOAD ./Core/Src/gpio.o
LOAD ./Core/Src/i2c.o
LOAD ./Core/Src/main.o
LOAD ./Core/Src/spi.o
LOAD ./Core/Src/stm32f4xx_hal_msp.o
LOAD ./Core/Src/stm32f4xx_it.o
LOAD ./Core/Src/syscalls.o
LOAD ./Core/Src/sysmem.o
LOAD ./Core/Src/system_stm32f4xx.o
LOAD ./Core/Src/tim.o
LOAD ./Core/Src/usart.o
LOAD ./Core/Startup/startup_stm32f429zgtx.o
LOAD ./Drivers/STM32F4xx_HAL_Driver/Src/stm32f4xx_hal.o
LOAD ./Drivers/STM32F4xx_HAL_Driver/Src/stm32f4xx_hal_adc.o
LOAD ./Drivers/STM32F4xx_HAL_Driver/Src/stm32f4xx_hal_adc_ex.o
LOAD ./Drivers/STM32F4xx_HAL_Driver/Src/stm32f4xx_hal_cortex.o
LOAD ./Drivers/STM32F4xx_HAL_Driver/Src/stm32f4xx_hal_crc.o
LOAD ./Drivers/STM32F4xx_HAL_Driver/Src/stm32f4xx_hal_dac.o
LOAD ./Drivers/STM32F4xx_HAL_Driver/Src/stm32f4xx_hal_dac_ex.o
LOAD ./Drivers/STM32F4xx_HAL_Driver/Src/stm32f4xx_hal_dma.o
LOAD ./Drivers/STM32F4xx_HAL_Driver/Src/stm32f4xx_hal_dma_ex.o
LOAD ./Drivers/STM32F4xx_HAL_Driver/Src/stm32f4xx_hal_exti.o
LOAD ./Drivers/STM32F4xx_HAL_Driver/Src/stm32f4xx_hal_flash.o
LOAD ./Drivers/STM32F4xx_HAL_Driver/Src/stm32f4xx_hal_flash_ex.o
LOAD ./Drivers/STM32F4xx_HAL_Driver/Src/stm32f4xx_hal_flash_ramfunc.o
LOAD ./Drivers/STM32F4xx_HAL_Driver/Src/stm32f4xx_hal_gpio.o
LOAD ./Drivers/STM32F4xx_HAL_Driver/Src/stm32f4xx_hal_i2c.o
LOAD ./Drivers/STM32F4xx_HAL_Driver/Src/stm32f4xx_hal_i2c_ex.o
LOAD ./Drivers/STM32F4xx_HAL_Driver/Src/stm32f4xx_hal_pwr.o
LOAD ./Drivers/STM32F4xx_HAL_Driver/Src/stm32f4xx_hal_pwr_ex.o
LOAD ./Drivers/STM32F4xx_HAL_Driver/Src/stm32f4xx_hal_rcc.o
LOAD ./Drivers/STM32F4xx_HAL_Driver/Src/stm32f4xx_hal_rcc_ex.o
LOAD ./Drivers/STM32F4xx_HAL_Driver/Src/stm32f4xx_hal_spi.o
LOAD ./Drivers/STM32F4xx_HAL_Driver/Src/stm32f4xx_hal_tim.o
LOAD ./Drivers/STM32F4xx_HAL_Driver/Src/stm32f4xx_hal_tim_ex.o
LOAD ./Drivers/STM32F4xx_HAL_Driver/Src/stm32f4xx_hal_uart.o
LOAD ./Drivers/STM32F4xx_HAL_Driver/Src/stm32f4xx_ll_adc.o
LOAD ../Middlewares/ST/ARM/DSP/Lib\libarm_cortexM4lf_math.a
START GROUP
LOAD D:/ST/STM32CubeIDE_1.16.0/STM32CubeIDE/plugins/com.st.stm32cube.ide.mcu.externaltools.gnu-tools-for-stm32.12.3.rel1.win32_1.0.200.202406191623/tools/bin/../lib/gcc/arm-none-eabi/12.3.1/../../../../arm-none-eabi/lib/thumb/v7e-m+fp/hard\libc_nano.a
LOAD D:/ST/STM32CubeIDE_1.16.0/STM32CubeIDE/plugins/com.st.stm32cube.ide.mcu.externaltools.gnu-tools-for-stm32.12.3.rel1.win32_1.0.200.202406191623/tools/bin/../lib/gcc/arm-none-eabi/12.3.1/../../../../arm-none-eabi/lib/thumb/v7e-m+fp/hard\libm.a
END GROUP
START GROUP
LOAD D:/ST/STM32CubeIDE_1.16.0/STM32CubeIDE/plugins/com.st.stm32cube.ide.mcu.externaltools.gnu-tools-for-stm32.12.3.rel1.win32_1.0.200.202406191623/tools/bin/../lib/gcc/arm-none-eabi/12.3.1/thumb/v7e-m+fp/hard\libgcc.a
LOAD D:/ST/STM32CubeIDE_1.16.0/STM32CubeIDE/plugins/com.st.stm32cube.ide.mcu.externaltools.gnu-tools-for-stm32.12.3.rel1.win32_1.0.200.202406191623/tools/bin/../lib/gcc/arm-none-eabi/12.3.1/../../../../arm-none-eabi/lib/thumb/v7e-m+fp/hard\libc_nano.a
END GROUP
START GROUP
LOAD D:/ST/STM32CubeIDE_1.16.0/STM32CubeIDE/plugins/com.st.stm32cube.ide.mcu.externaltools.gnu-tools-for-stm32.12.3.rel1.win32_1.0.200.202406191623/tools/bin/../lib/gcc/arm-none-eabi/12.3.1/thumb/v7e-m+fp/hard\libgcc.a
LOAD D:/ST/STM32CubeIDE_1.16.0/STM32CubeIDE/plugins/com.st.stm32cube.ide.mcu.externaltools.gnu-tools-for-stm32.12.3.rel1.win32_1.0.200.202406191623/tools/bin/../lib/gcc/arm-none-eabi/12.3.1/../../../../arm-none-eabi/lib/thumb/v7e-m+fp/hard\libc_nano.a
LOAD D:/ST/STM32CubeIDE_1.16.0/STM32CubeIDE/plugins/com.st.stm32cube.ide.mcu.externaltools.gnu-tools-for-stm32.12.3.rel1.win32_1.0.200.202406191623/tools/bin/../lib/gcc/arm-none-eabi/12.3.1/../../../../arm-none-eabi/lib/thumb/v7e-m+fp/hard\libnosys.a
END GROUP
START GROUP
LOAD D:/ST/STM32CubeIDE_1.16.0/STM32CubeIDE/plugins/com.st.stm32cube.ide.mcu.externaltools.gnu-tools-for-stm32.12.3.rel1.win32_1.0.200.202406191623/tools/bin/../lib/gcc/arm-none-eabi/12.3.1/thumb/v7e-m+fp/hard\libgcc.a
LOAD D:/ST/STM32CubeIDE_1.16.0/STM32CubeIDE/plugins/com.st.stm32cube.ide.mcu.externaltools.gnu-tools-for-stm32.12.3.rel1.win32_1.0.200.202406191623/tools/bin/../lib/gcc/arm-none-eabi/12.3.1/../../../../arm-none-eabi/lib/thumb/v7e-m+fp/hard\libc_nano.a
LOAD D:/ST/STM32CubeIDE_1.16.0/STM32CubeIDE/plugins/com.st.stm32cube.ide.mcu.externaltools.gnu-tools-for-stm32.12.3.rel1.win32_1.0.200.202406191623/tools/bin/../lib/gcc/arm-none-eabi/12.3.1/../../../../arm-none-eabi/lib/thumb/v7e-m+fp/hard\libnosys.a
END GROUP
LOAD D:/ST/STM32CubeIDE_1.16.0/STM32CubeIDE/plugins/com.st.stm32cube.ide.mcu.externaltools.gnu-tools-for-stm32.12.3.rel1.win32_1.0.200.202406191623/tools/bin/../lib/gcc/arm-none-eabi/12.3.1/thumb/v7e-m+fp/hard/crtend.o
LOAD D:/ST/STM32CubeIDE_1.16.0/STM32CubeIDE/plugins/com.st.stm32cube.ide.mcu.externaltools.gnu-tools-for-stm32.12.3.rel1.win32_1.0.200.202406191623/tools/bin/../lib/gcc/arm-none-eabi/12.3.1/thumb/v7e-m+fp/hard/crtn.o
                0x20030000                        _estack = (ORIGIN (RAM) + LENGTH (RAM))
                0x00000200                        _Min_Heap_Size = 0x200
                0x00000400                        _Min_Stack_Size = 0x400

.isr_vector     0x08000000      0x1ac
                0x08000000                        . = ALIGN (0x4)
 *(.isr_vector)
 .isr_vector    0x08000000      0x1ac ./Core/Startup/startup_stm32f429zgtx.o
                0x08000000                g_pfnVectors
                0x080001ac                        . = ALIGN (0x4)

.text           0x080001b0     0x8eec
                0x080001b0                        . = ALIGN (0x4)
 *(.text)
 .text          0x080001b0       0x40 D:/ST/STM32CubeIDE_1.16.0/STM32CubeIDE/plugins/com.st.stm32cube.ide.mcu.externaltools.gnu-tools-for-stm32.12.3.rel1.win32_1.0.200.202406191623/tools/bin/../lib/gcc/arm-none-eabi/12.3.1/thumb/v7e-m+fp/hard/crtbegin.o
 .text          0x080001f0      0x378 D:/ST/STM32CubeIDE_1.16.0/STM32CubeIDE/plugins/com.st.stm32cube.ide.mcu.externaltools.gnu-tools-for-stm32.12.3.rel1.win32_1.0.200.202406191623/tools/bin/../lib/gcc/arm-none-eabi/12.3.1/thumb/v7e-m+fp/hard\libgcc.a(_arm_addsubdf3.o)
                0x080001f0                __aeabi_drsub
                0x080001f8                __aeabi_dsub
                0x080001f8                __subdf3
                0x080001fc                __aeabi_dadd
                0x080001fc                __adddf3
                0x08000474                __floatunsidf
                0x08000474                __aeabi_ui2d
                0x08000494                __floatsidf
                0x08000494                __aeabi_i2d
                0x080004b8                __aeabi_f2d
                0x080004b8                __extendsfdf2
                0x080004fc                __floatundidf
                0x080004fc                __aeabi_ul2d
                0x0800050c                __floatdidf
                0x0800050c                __aeabi_l2d
 .text          0x08000568      0x424 D:/ST/STM32CubeIDE_1.16.0/STM32CubeIDE/plugins/com.st.stm32cube.ide.mcu.externaltools.gnu-tools-for-stm32.12.3.rel1.win32_1.0.200.202406191623/tools/bin/../lib/gcc/arm-none-eabi/12.3.1/thumb/v7e-m+fp/hard\libgcc.a(_arm_muldivdf3.o)
                0x08000568                __aeabi_dmul
                0x08000568                __muldf3
                0x080007bc                __divdf3
                0x080007bc                __aeabi_ddiv
 .text          0x0800098c      0x110 D:/ST/STM32CubeIDE_1.16.0/STM32CubeIDE/plugins/com.st.stm32cube.ide.mcu.externaltools.gnu-tools-for-stm32.12.3.rel1.win32_1.0.200.202406191623/tools/bin/../lib/gcc/arm-none-eabi/12.3.1/thumb/v7e-m+fp/hard\libgcc.a(_arm_cmpdf2.o)
                0x0800098c                __gtdf2
                0x0800098c                __gedf2
                0x08000994                __ltdf2
                0x08000994                __ledf2
                0x0800099c                __nedf2
                0x0800099c                __eqdf2
                0x0800099c                __cmpdf2
                0x08000a18                __aeabi_cdrcmple
                0x08000a28                __aeabi_cdcmpeq
                0x08000a28                __aeabi_cdcmple
                0x08000a38                __aeabi_dcmpeq
                0x08000a4c                __aeabi_dcmplt
                0x08000a60                __aeabi_dcmple
                0x08000a74                __aeabi_dcmpge
                0x08000a88                __aeabi_dcmpgt
 .text          0x08000a9c       0xa0 D:/ST/STM32CubeIDE_1.16.0/STM32CubeIDE/plugins/com.st.stm32cube.ide.mcu.externaltools.gnu-tools-for-stm32.12.3.rel1.win32_1.0.200.202406191623/tools/bin/../lib/gcc/arm-none-eabi/12.3.1/thumb/v7e-m+fp/hard\libgcc.a(_arm_truncdfsf2.o)
                0x08000a9c                __truncdfsf2
                0x08000a9c                __aeabi_d2f
 .text          0x08000b3c       0x30 D:/ST/STM32CubeIDE_1.16.0/STM32CubeIDE/plugins/com.st.stm32cube.ide.mcu.externaltools.gnu-tools-for-stm32.12.3.rel1.win32_1.0.200.202406191623/tools/bin/../lib/gcc/arm-none-eabi/12.3.1/thumb/v7e-m+fp/hard\libgcc.a(_aeabi_uldivmod.o)
                0x08000b3c                __aeabi_uldivmod
 .text          0x08000b6c      0x2bc D:/ST/STM32CubeIDE_1.16.0/STM32CubeIDE/plugins/com.st.stm32cube.ide.mcu.externaltools.gnu-tools-for-stm32.12.3.rel1.win32_1.0.200.202406191623/tools/bin/../lib/gcc/arm-none-eabi/12.3.1/thumb/v7e-m+fp/hard\libgcc.a(_udivmoddi4.o)
                0x08000b6c                __udivmoddi4
 .text          0x08000e28        0x4 D:/ST/STM32CubeIDE_1.16.0/STM32CubeIDE/plugins/com.st.stm32cube.ide.mcu.externaltools.gnu-tools-for-stm32.12.3.rel1.win32_1.0.200.202406191623/tools/bin/../lib/gcc/arm-none-eabi/12.3.1/thumb/v7e-m+fp/hard\libgcc.a(_dvmd_tls.o)
                0x08000e28                __aeabi_idiv0
                0x08000e28                __aeabi_ldiv0
 *(.text*)
 .text.delay_us
                0x08000e2c       0x94 ./Core/Src/ADS1294.o
                0x08000e2c                delay_us
 .text.ADS1294_Init
                0x08000ec0       0x50 ./Core/Src/ADS1294.o
                0x08000ec0                ADS1294_Init
 .text.ADS1294_Read_Data
                0x08000f10       0x68 ./Core/Src/ADS1294.o
                0x08000f10                ADS1294_Read_Data
 .text.ADS1294_SET_REGBUFF
                0x08000f78       0x90 ./Core/Src/ADS1294.o
                0x08000f78                ADS1294_SET_REGBUFF
 .text.ADS1294_Send_CMD
                0x08001008       0x48 ./Core/Src/ADS1294.o
                0x08001008                ADS1294_Send_CMD
 .text.ADS1294_WR_REGS
                0x08001050       0xf0 ./Core/Src/ADS1294.o
                0x08001050                ADS1294_WR_REGS
 .text.ADS1294_PowerOnInit
                0x08001140       0x60 ./Core/Src/ADS1294.o
                0x08001140                ADS1294_PowerOnInit
 .text.ADS1294_Single_Read
                0x080011a0       0x1a ./Core/Src/ADS1294.o
                0x080011a0                ADS1294_Single_Read
 *fill*         0x080011ba        0x2 
 .text.maxim_31856_write_register
                0x080011bc       0x50 ./Core/Src/MAX31856drv.o
                0x080011bc                maxim_31856_write_register
 .text.maxim_31856_read_register
                0x0800120c       0x50 ./Core/Src/MAX31856drv.o
                0x0800120c                maxim_31856_read_register
 .text.maxim_31856_read_nregisters
                0x0800125c       0x6c ./Core/Src/MAX31856drv.o
                0x0800125c                maxim_31856_read_nregisters
 .text.maxim_31856_init
                0x080012c8       0xa8 ./Core/Src/MAX31856drv.o
                0x080012c8                maxim_31856_init
 .text.maxim_start_conversion
                0x08001370       0x4c ./Core/Src/MAX31856drv.o
                0x08001370                maxim_start_conversion
 .text.maxim_31856_conversion_result_process
                0x080013bc      0x19c ./Core/Src/MAX31856drv.o
                0x080013bc                maxim_31856_conversion_result_process
 .text.PID_LSencer_SetPoint
                0x08001558       0x20 ./Core/Src/PID.o
                0x08001558                PID_LSencer_SetPoint
 .text.PID_LSencer_SetPID
                0x08001578       0x34 ./Core/Src/PID.o
                0x08001578                PID_LSencer_SetPID
 *fill*         0x080015ac        0x4 
 .text.PID_LSencer_Calculate
                0x080015b0      0x134 ./Core/Src/PID.o
                0x080015b0                PID_LSencer_Calculate
 .text.pid_temp_process
                0x080016e4      0x134 ./Core/Src/PID.o
                0x080016e4                pid_temp_process
 .text.MX_ADC1_Init
                0x08001818      0x104 ./Core/Src/adc.o
                0x08001818                MX_ADC1_Init
 .text.HAL_ADC_MspInit
                0x0800191c      0x160 ./Core/Src/adc.o
                0x0800191c                HAL_ADC_MspInit
 .text.adc1_conv
                0x08001a7c       0x2c ./Core/Src/adc.o
                0x08001a7c                adc1_conv
 .text.HAL_ADC_ConvCpltCallback
                0x08001aa8      0x134 ./Core/Src/adc.o
                0x08001aa8                HAL_ADC_ConvCpltCallback
 .text.MX_CRC_Init
                0x08001bdc       0x28 ./Core/Src/crc.o
                0x08001bdc                MX_CRC_Init
 .text.HAL_CRC_MspInit
                0x08001c04       0x44 ./Core/Src/crc.o
                0x08001c04                HAL_CRC_MspInit
 .text.MX_DAC_Init
                0x08001c48       0x98 ./Core/Src/dac.o
                0x08001c48                MX_DAC_Init
 .text.HAL_DAC_MspInit
                0x08001ce0       0x88 ./Core/Src/dac.o
                0x08001ce0                HAL_DAC_MspInit
 .text.MX_DMA_Init
                0x08001d68       0x60 ./Core/Src/dma.o
                0x08001d68                MX_DMA_Init
 .text.MX_GPIO_Init
                0x08001dc8      0x2a4 ./Core/Src/gpio.o
                0x08001dc8                MX_GPIO_Init
 .text.MX_I2C1_Init
                0x0800206c       0x80 ./Core/Src/i2c.o
                0x0800206c                MX_I2C1_Init
 .text.MX_I2C2_Init
                0x080020ec       0x88 ./Core/Src/i2c.o
                0x080020ec                MX_I2C2_Init
 .text.HAL_I2C_MspInit
                0x08002174       0xfc ./Core/Src/i2c.o
                0x08002174                HAL_I2C_MspInit
 .text.TMP_I2C_Init
                0x08002270       0x78 ./Core/Src/i2c.o
                0x08002270                TMP_I2C_Init
 .text.TMP_data_process
                0x080022e8       0x54 ./Core/Src/i2c.o
                0x080022e8                TMP_data_process
 .text.TMP_I2C_Read
                0x0800233c       0x48 ./Core/Src/i2c.o
                0x0800233c                TMP_I2C_Read
 .text.main     0x08002384       0xa2 ./Core/Src/main.o
                0x08002384                main
 *fill*         0x08002426        0x2 
 .text.SystemClock_Config
                0x08002428       0xec ./Core/Src/main.o
                0x08002428                SystemClock_Config
 .text.Error_Handler
                0x08002514        0xc ./Core/Src/main.o
                0x08002514                Error_Handler
 .text.MX_SPI2_Init
                0x08002520       0x74 ./Core/Src/spi.o
                0x08002520                MX_SPI2_Init
 .text.MX_SPI3_Init
                0x08002594       0x6c ./Core/Src/spi.o
                0x08002594                MX_SPI3_Init
 .text.MX_SPI4_Init
                0x08002600       0x6c ./Core/Src/spi.o
                0x08002600                MX_SPI4_Init
 .text.MX_SPI5_Init
                0x0800266c       0x74 ./Core/Src/spi.o
                0x0800266c                MX_SPI5_Init
 .text.MX_SPI6_Init
                0x080026e0       0x74 ./Core/Src/spi.o
                0x080026e0                MX_SPI6_Init
 .text.HAL_SPI_MspInit
                0x08002754      0x3b4 ./Core/Src/spi.o
                0x08002754                HAL_SPI_MspInit
 .text.SPI_Trans_To_US
                0x08002b08       0x64 ./Core/Src/spi.o
                0x08002b08                SPI_Trans_To_US
 .text.HAL_MspInit
                0x08002b6c       0x50 ./Core/Src/stm32f4xx_hal_msp.o
                0x08002b6c                HAL_MspInit
 .text.NMI_Handler
                0x08002bbc        0x8 ./Core/Src/stm32f4xx_it.o
                0x08002bbc                NMI_Handler
 .text.HardFault_Handler
                0x08002bc4        0x8 ./Core/Src/stm32f4xx_it.o
                0x08002bc4                HardFault_Handler
 .text.MemManage_Handler
                0x08002bcc        0x8 ./Core/Src/stm32f4xx_it.o
                0x08002bcc                MemManage_Handler
 .text.BusFault_Handler
                0x08002bd4        0x8 ./Core/Src/stm32f4xx_it.o
                0x08002bd4                BusFault_Handler
 .text.UsageFault_Handler
                0x08002bdc        0x8 ./Core/Src/stm32f4xx_it.o
                0x08002bdc                UsageFault_Handler
 .text.SVC_Handler
                0x08002be4        0xe ./Core/Src/stm32f4xx_it.o
                0x08002be4                SVC_Handler
 .text.DebugMon_Handler
                0x08002bf2        0xe ./Core/Src/stm32f4xx_it.o
                0x08002bf2                DebugMon_Handler
 .text.PendSV_Handler
                0x08002c00        0xe ./Core/Src/stm32f4xx_it.o
                0x08002c00                PendSV_Handler
 .text.SysTick_Handler
                0x08002c0e        0xc ./Core/Src/stm32f4xx_it.o
                0x08002c0e                SysTick_Handler
 .text.EXTI0_IRQHandler
                0x08002c1a        0xe ./Core/Src/stm32f4xx_it.o
                0x08002c1a                EXTI0_IRQHandler
 .text.HAL_GPIO_EXTI_Callback
                0x08002c28      0x26c ./Core/Src/stm32f4xx_it.o
                0x08002c28                HAL_GPIO_EXTI_Callback
 .text.EXTI1_IRQHandler
                0x08002e94        0xe ./Core/Src/stm32f4xx_it.o
                0x08002e94                EXTI1_IRQHandler
 .text.EXTI2_IRQHandler
                0x08002ea2        0xe ./Core/Src/stm32f4xx_it.o
                0x08002ea2                EXTI2_IRQHandler
 .text.DMA2_Stream0_IRQHandler
                0x08002eb0       0x14 ./Core/Src/stm32f4xx_it.o
                0x08002eb0                DMA2_Stream0_IRQHandler
 .text.DMA2_Stream5_IRQHandler
                0x08002ec4       0x14 ./Core/Src/stm32f4xx_it.o
                0x08002ec4                DMA2_Stream5_IRQHandler
 .text.DMA2_Stream6_IRQHandler
                0x08002ed8       0x14 ./Core/Src/stm32f4xx_it.o
                0x08002ed8                DMA2_Stream6_IRQHandler
 .text.HAL_SPI_TxRxCpltCallback
                0x08002eec       0x14 ./Core/Src/stm32f4xx_it.o
                0x08002eec                HAL_SPI_TxRxCpltCallback
 .text.SystemInit
                0x08002f00       0x24 ./Core/Src/system_stm32f4xx.o
                0x08002f00                SystemInit
 .text.MX_TIM1_Init
                0x08002f24      0x14c ./Core/Src/tim.o
                0x08002f24                MX_TIM1_Init
 .text.MX_TIM3_Init
                0x08003070       0x9c ./Core/Src/tim.o
                0x08003070                MX_TIM3_Init
 .text.MX_TIM8_Init
                0x0800310c      0x14c ./Core/Src/tim.o
                0x0800310c                MX_TIM8_Init
 .text.HAL_TIM_Base_MspInit
                0x08003258       0x9c ./Core/Src/tim.o
                0x08003258                HAL_TIM_Base_MspInit
 .text.HAL_TIM_MspPostInit
                0x080032f4       0xc4 ./Core/Src/tim.o
                0x080032f4                HAL_TIM_MspPostInit
 .text.MX_UART5_Init
                0x080033b8       0x54 ./Core/Src/usart.o
                0x080033b8                MX_UART5_Init
 .text.MX_UART7_Init
                0x0800340c       0x54 ./Core/Src/usart.o
                0x0800340c                MX_UART7_Init
 .text.MX_UART8_Init
                0x08003460       0x54 ./Core/Src/usart.o
                0x08003460                MX_UART8_Init
 .text.MX_USART2_UART_Init
                0x080034b4       0x5c ./Core/Src/usart.o
                0x080034b4                MX_USART2_UART_Init
 .text.MX_USART3_UART_Init
                0x08003510       0x5c ./Core/Src/usart.o
                0x08003510                MX_USART3_UART_Init
 .text.HAL_UART_MspInit
                0x0800356c      0x304 ./Core/Src/usart.o
                0x0800356c                HAL_UART_MspInit
 .text.Reset_Handler
                0x08003870       0x50 ./Core/Startup/startup_stm32f429zgtx.o
                0x08003870                Reset_Handler
 .text.Default_Handler
                0x080038c0        0x2 ./Core/Startup/startup_stm32f429zgtx.o
                0x080038c0                RTC_Alarm_IRQHandler
                0x080038c0                HASH_RNG_IRQHandler
                0x080038c0                TIM8_CC_IRQHandler
                0x080038c0                UART8_IRQHandler
                0x080038c0                SPI4_IRQHandler
                0x080038c0                TIM1_CC_IRQHandler
                0x080038c0                DMA1_Stream5_IRQHandler
                0x080038c0                PVD_IRQHandler
                0x080038c0                SDIO_IRQHandler
                0x080038c0                TAMP_STAMP_IRQHandler
                0x080038c0                CAN2_RX1_IRQHandler
                0x080038c0                EXTI3_IRQHandler
                0x080038c0                TIM8_TRG_COM_TIM14_IRQHandler
                0x080038c0                TIM1_UP_TIM10_IRQHandler
                0x080038c0                TIM8_UP_TIM13_IRQHandler
                0x080038c0                I2C3_ER_IRQHandler
                0x080038c0                I2C2_EV_IRQHandler
                0x080038c0                DMA1_Stream2_IRQHandler
                0x080038c0                CAN1_RX0_IRQHandler
                0x080038c0                FPU_IRQHandler
                0x080038c0                OTG_HS_WKUP_IRQHandler
                0x080038c0                LTDC_ER_IRQHandler
                0x080038c0                CAN2_SCE_IRQHandler
                0x080038c0                DMA2_Stream2_IRQHandler
                0x080038c0                SPI1_IRQHandler
                0x080038c0                TIM6_DAC_IRQHandler
                0x080038c0                TIM1_BRK_TIM9_IRQHandler
                0x080038c0                DCMI_IRQHandler
                0x080038c0                CAN2_RX0_IRQHandler
                0x080038c0                DMA2_Stream3_IRQHandler
                0x080038c0                USART6_IRQHandler
                0x080038c0                USART3_IRQHandler
                0x080038c0                CAN1_RX1_IRQHandler
                0x080038c0                UART5_IRQHandler
                0x080038c0                TIM4_IRQHandler
                0x080038c0                I2C1_EV_IRQHandler
                0x080038c0                DMA1_Stream6_IRQHandler
                0x080038c0                DMA1_Stream1_IRQHandler
                0x080038c0                UART4_IRQHandler
                0x080038c0                TIM3_IRQHandler
                0x080038c0                RCC_IRQHandler
                0x080038c0                TIM8_BRK_TIM12_IRQHandler
                0x080038c0                Default_Handler
                0x080038c0                EXTI15_10_IRQHandler
                0x080038c0                ADC_IRQHandler
                0x080038c0                DMA1_Stream7_IRQHandler
                0x080038c0                SPI5_IRQHandler
                0x080038c0                TIM7_IRQHandler
                0x080038c0                CAN2_TX_IRQHandler
                0x080038c0                TIM5_IRQHandler
                0x080038c0                DMA2_Stream7_IRQHandler
                0x080038c0                I2C3_EV_IRQHandler
                0x080038c0                EXTI9_5_IRQHandler
                0x080038c0                RTC_WKUP_IRQHandler
                0x080038c0                LTDC_IRQHandler
                0x080038c0                ETH_WKUP_IRQHandler
                0x080038c0                SPI2_IRQHandler
                0x080038c0                OTG_HS_EP1_IN_IRQHandler
                0x080038c0                DMA1_Stream0_IRQHandler
                0x080038c0                CAN1_TX_IRQHandler
                0x080038c0                EXTI4_IRQHandler
                0x080038c0                ETH_IRQHandler
                0x080038c0                OTG_HS_EP1_OUT_IRQHandler
                0x080038c0                WWDG_IRQHandler
                0x080038c0                SPI6_IRQHandler
                0x080038c0                TIM2_IRQHandler
                0x080038c0                OTG_FS_WKUP_IRQHandler
                0x080038c0                TIM1_TRG_COM_TIM11_IRQHandler
                0x080038c0                OTG_HS_IRQHandler
                0x080038c0                DMA2D_IRQHandler
                0x080038c0                UART7_IRQHandler
                0x080038c0                USART2_IRQHandler
                0x080038c0                I2C2_ER_IRQHandler
                0x080038c0                DMA2_Stream1_IRQHandler
                0x080038c0                CAN1_SCE_IRQHandler
                0x080038c0                FLASH_IRQHandler
                0x080038c0                DMA2_Stream4_IRQHandler
                0x080038c0                USART1_IRQHandler
                0x080038c0                OTG_FS_IRQHandler
                0x080038c0                SPI3_IRQHandler
                0x080038c0                DMA1_Stream4_IRQHandler
                0x080038c0                I2C1_ER_IRQHandler
                0x080038c0                FMC_IRQHandler
                0x080038c0                SAI1_IRQHandler
                0x080038c0                DMA1_Stream3_IRQHandler
 *fill*         0x080038c2        0x2 
 .text.HAL_Init
                0x080038c4       0x44 ./Drivers/STM32F4xx_HAL_Driver/Src/stm32f4xx_hal.o
                0x080038c4                HAL_Init
 .text.HAL_InitTick
                0x08003908       0x60 ./Drivers/STM32F4xx_HAL_Driver/Src/stm32f4xx_hal.o
                0x08003908                HAL_InitTick
 .text.HAL_IncTick
                0x08003968       0x28 ./Drivers/STM32F4xx_HAL_Driver/Src/stm32f4xx_hal.o
                0x08003968                HAL_IncTick
 .text.HAL_GetTick
                0x08003990       0x18 ./Drivers/STM32F4xx_HAL_Driver/Src/stm32f4xx_hal.o
                0x08003990                HAL_GetTick
 .text.HAL_Delay
                0x080039a8       0x48 ./Drivers/STM32F4xx_HAL_Driver/Src/stm32f4xx_hal.o
                0x080039a8                HAL_Delay
 .text.HAL_ADC_Init
                0x080039f0       0x86 ./Drivers/STM32F4xx_HAL_Driver/Src/stm32f4xx_hal_adc.o
                0x080039f0                HAL_ADC_Init
 *fill*         0x08003a76        0x2 
 .text.HAL_ADC_Start_DMA
                0x08003a78      0x220 ./Drivers/STM32F4xx_HAL_Driver/Src/stm32f4xx_hal_adc.o
                0x08003a78                HAL_ADC_Start_DMA
 .text.HAL_ADC_ConvHalfCpltCallback
                0x08003c98       0x14 ./Drivers/STM32F4xx_HAL_Driver/Src/stm32f4xx_hal_adc.o
                0x08003c98                HAL_ADC_ConvHalfCpltCallback
 .text.HAL_ADC_ErrorCallback
                0x08003cac       0x14 ./Drivers/STM32F4xx_HAL_Driver/Src/stm32f4xx_hal_adc.o
                0x08003cac                HAL_ADC_ErrorCallback
 .text.HAL_ADC_ConfigChannel
                0x08003cc0      0x264 ./Drivers/STM32F4xx_HAL_Driver/Src/stm32f4xx_hal_adc.o
                0x08003cc0                HAL_ADC_ConfigChannel
 .text.ADC_Init
                0x08003f24      0x1f8 ./Drivers/STM32F4xx_HAL_Driver/Src/stm32f4xx_hal_adc.o
 .text.ADC_DMAConvCplt
                0x0800411c       0xba ./Drivers/STM32F4xx_HAL_Driver/Src/stm32f4xx_hal_adc.o
 .text.ADC_DMAHalfConvCplt
                0x080041d6       0x1c ./Drivers/STM32F4xx_HAL_Driver/Src/stm32f4xx_hal_adc.o
 .text.ADC_DMAError
                0x080041f2       0x2e ./Drivers/STM32F4xx_HAL_Driver/Src/stm32f4xx_hal_adc.o
 .text.__NVIC_SetPriorityGrouping
                0x08004220       0x48 ./Drivers/STM32F4xx_HAL_Driver/Src/stm32f4xx_hal_cortex.o
 .text.__NVIC_GetPriorityGrouping
                0x08004268       0x1c ./Drivers/STM32F4xx_HAL_Driver/Src/stm32f4xx_hal_cortex.o
 .text.__NVIC_EnableIRQ
                0x08004284       0x3c ./Drivers/STM32F4xx_HAL_Driver/Src/stm32f4xx_hal_cortex.o
 .text.__NVIC_SetPriority
                0x080042c0       0x54 ./Drivers/STM32F4xx_HAL_Driver/Src/stm32f4xx_hal_cortex.o
 .text.NVIC_EncodePriority
                0x08004314       0x66 ./Drivers/STM32F4xx_HAL_Driver/Src/stm32f4xx_hal_cortex.o
 *fill*         0x0800437a        0x2 
 .text.SysTick_Config
                0x0800437c       0x44 ./Drivers/STM32F4xx_HAL_Driver/Src/stm32f4xx_hal_cortex.o
 .text.HAL_NVIC_SetPriorityGrouping
                0x080043c0       0x16 ./Drivers/STM32F4xx_HAL_Driver/Src/stm32f4xx_hal_cortex.o
                0x080043c0                HAL_NVIC_SetPriorityGrouping
 .text.HAL_NVIC_SetPriority
                0x080043d6       0x38 ./Drivers/STM32F4xx_HAL_Driver/Src/stm32f4xx_hal_cortex.o
                0x080043d6                HAL_NVIC_SetPriority
 .text.HAL_NVIC_EnableIRQ
                0x0800440e       0x1c ./Drivers/STM32F4xx_HAL_Driver/Src/stm32f4xx_hal_cortex.o
                0x0800440e                HAL_NVIC_EnableIRQ
 .text.HAL_SYSTICK_Config
                0x0800442a       0x18 ./Drivers/STM32F4xx_HAL_Driver/Src/stm32f4xx_hal_cortex.o
                0x0800442a                HAL_SYSTICK_Config
 .text.HAL_CRC_Init
                0x08004442       0x38 ./Drivers/STM32F4xx_HAL_Driver/Src/stm32f4xx_hal_crc.o
                0x08004442                HAL_CRC_Init
 .text.HAL_DAC_Init
                0x0800447a       0x44 ./Drivers/STM32F4xx_HAL_Driver/Src/stm32f4xx_hal_dac.o
                0x0800447a                HAL_DAC_Init
 .text.HAL_DAC_Start
                0x080044be       0xae ./Drivers/STM32F4xx_HAL_Driver/Src/stm32f4xx_hal_dac.o
                0x080044be                HAL_DAC_Start
 .text.HAL_DAC_SetValue
                0x0800456c       0x54 ./Drivers/STM32F4xx_HAL_Driver/Src/stm32f4xx_hal_dac.o
                0x0800456c                HAL_DAC_SetValue
 .text.HAL_DAC_ConfigChannel
                0x080045c0       0xb2 ./Drivers/STM32F4xx_HAL_Driver/Src/stm32f4xx_hal_dac.o
                0x080045c0                HAL_DAC_ConfigChannel
 *fill*         0x08004672        0x2 
 .text.HAL_DMA_Init
                0x08004674      0x15c ./Drivers/STM32F4xx_HAL_Driver/Src/stm32f4xx_hal_dma.o
                0x08004674                HAL_DMA_Init
 .text.HAL_DMA_Start_IT
                0x080047d0       0xb0 ./Drivers/STM32F4xx_HAL_Driver/Src/stm32f4xx_hal_dma.o
                0x080047d0                HAL_DMA_Start_IT
 .text.HAL_DMA_IRQHandler
                0x08004880      0x314 ./Drivers/STM32F4xx_HAL_Driver/Src/stm32f4xx_hal_dma.o
                0x08004880                HAL_DMA_IRQHandler
 .text.DMA_SetConfig
                0x08004b94       0x5c ./Drivers/STM32F4xx_HAL_Driver/Src/stm32f4xx_hal_dma.o
 .text.DMA_CalcBaseAndBitshift
                0x08004bf0       0x6c ./Drivers/STM32F4xx_HAL_Driver/Src/stm32f4xx_hal_dma.o
 .text.DMA_CheckFifoParam
                0x08004c5c       0xf8 ./Drivers/STM32F4xx_HAL_Driver/Src/stm32f4xx_hal_dma.o
 .text.HAL_GPIO_Init
                0x08004d54      0x358 ./Drivers/STM32F4xx_HAL_Driver/Src/stm32f4xx_hal_gpio.o
                0x08004d54                HAL_GPIO_Init
 .text.HAL_GPIO_WritePin
                0x080050ac       0x32 ./Drivers/STM32F4xx_HAL_Driver/Src/stm32f4xx_hal_gpio.o
                0x080050ac                HAL_GPIO_WritePin
 *fill*         0x080050de        0x2 
 .text.HAL_GPIO_EXTI_IRQHandler
                0x080050e0       0x30 ./Drivers/STM32F4xx_HAL_Driver/Src/stm32f4xx_hal_gpio.o
                0x080050e0                HAL_GPIO_EXTI_IRQHandler
 .text.HAL_I2C_Init
                0x08005110      0x288 ./Drivers/STM32F4xx_HAL_Driver/Src/stm32f4xx_hal_i2c.o
                0x08005110                HAL_I2C_Init
 .text.HAL_I2C_Master_Transmit
                0x08005398      0x1fc ./Drivers/STM32F4xx_HAL_Driver/Src/stm32f4xx_hal_i2c.o
                0x08005398                HAL_I2C_Master_Transmit
 .text.HAL_I2C_Master_Receive
                0x08005594      0x464 ./Drivers/STM32F4xx_HAL_Driver/Src/stm32f4xx_hal_i2c.o
                0x08005594                HAL_I2C_Master_Receive
 .text.I2C_MasterRequestWrite
                0x080059f8      0x104 ./Drivers/STM32F4xx_HAL_Driver/Src/stm32f4xx_hal_i2c.o
 .text.I2C_MasterRequestRead
                0x08005afc      0x19c ./Drivers/STM32F4xx_HAL_Driver/Src/stm32f4xx_hal_i2c.o
 .text.I2C_WaitOnFlagUntilTimeout
                0x08005c98       0xf4 ./Drivers/STM32F4xx_HAL_Driver/Src/stm32f4xx_hal_i2c.o
 .text.I2C_WaitOnMasterAddressFlagUntilTimeout
                0x08005d8c      0x140 ./Drivers/STM32F4xx_HAL_Driver/Src/stm32f4xx_hal_i2c.o
 .text.I2C_WaitOnTXEFlagUntilTimeout
                0x08005ecc       0x90 ./Drivers/STM32F4xx_HAL_Driver/Src/stm32f4xx_hal_i2c.o
 .text.I2C_WaitOnBTFFlagUntilTimeout
                0x08005f5c       0x90 ./Drivers/STM32F4xx_HAL_Driver/Src/stm32f4xx_hal_i2c.o
 .text.I2C_WaitOnRXNEFlagUntilTimeout
                0x08005fec       0xba ./Drivers/STM32F4xx_HAL_Driver/Src/stm32f4xx_hal_i2c.o
 .text.I2C_IsAcknowledgeFailed
                0x080060a6       0x5e ./Drivers/STM32F4xx_HAL_Driver/Src/stm32f4xx_hal_i2c.o
 .text.HAL_I2CEx_ConfigAnalogFilter
                0x08006104       0x78 ./Drivers/STM32F4xx_HAL_Driver/Src/stm32f4xx_hal_i2c_ex.o
                0x08006104                HAL_I2CEx_ConfigAnalogFilter
 .text.HAL_I2CEx_ConfigDigitalFilter
                0x0800617c       0x7e ./Drivers/STM32F4xx_HAL_Driver/Src/stm32f4xx_hal_i2c_ex.o
                0x0800617c                HAL_I2CEx_ConfigDigitalFilter
 *fill*         0x080061fa        0x2 
 .text.HAL_RCC_OscConfig
                0x080061fc      0x4f0 ./Drivers/STM32F4xx_HAL_Driver/Src/stm32f4xx_hal_rcc.o
                0x080061fc                HAL_RCC_OscConfig
 .text.HAL_RCC_ClockConfig
                0x080066ec      0x1cc ./Drivers/STM32F4xx_HAL_Driver/Src/stm32f4xx_hal_rcc.o
                0x080066ec                HAL_RCC_ClockConfig
 .text.HAL_RCC_MCOConfig
                0x080068b8       0xd0 ./Drivers/STM32F4xx_HAL_Driver/Src/stm32f4xx_hal_rcc.o
                0x080068b8                HAL_RCC_MCOConfig
 .text.HAL_RCC_GetSysClockFreq
                0x08006988      0x1e0 ./Drivers/STM32F4xx_HAL_Driver/Src/stm32f4xx_hal_rcc.o
                0x08006988                HAL_RCC_GetSysClockFreq
 .text.HAL_RCC_GetHCLKFreq
                0x08006b68       0x18 ./Drivers/STM32F4xx_HAL_Driver/Src/stm32f4xx_hal_rcc.o
                0x08006b68                HAL_RCC_GetHCLKFreq
 .text.HAL_RCC_GetPCLK1Freq
                0x08006b80       0x28 ./Drivers/STM32F4xx_HAL_Driver/Src/stm32f4xx_hal_rcc.o
                0x08006b80                HAL_RCC_GetPCLK1Freq
 .text.HAL_RCC_GetPCLK2Freq
                0x08006ba8       0x28 ./Drivers/STM32F4xx_HAL_Driver/Src/stm32f4xx_hal_rcc.o
                0x08006ba8                HAL_RCC_GetPCLK2Freq
 .text.HAL_SPI_Init
                0x08006bd0      0x112 ./Drivers/STM32F4xx_HAL_Driver/Src/stm32f4xx_hal_spi.o
                0x08006bd0                HAL_SPI_Init
 .text.HAL_SPI_Transmit
                0x08006ce2      0x286 ./Drivers/STM32F4xx_HAL_Driver/Src/stm32f4xx_hal_spi.o
                0x08006ce2                HAL_SPI_Transmit
 .text.HAL_SPI_Receive
                0x08006f68      0x230 ./Drivers/STM32F4xx_HAL_Driver/Src/stm32f4xx_hal_spi.o
                0x08006f68                HAL_SPI_Receive
 .text.HAL_SPI_TransmitReceive
                0x08007198      0x360 ./Drivers/STM32F4xx_HAL_Driver/Src/stm32f4xx_hal_spi.o
                0x08007198                HAL_SPI_TransmitReceive
 .text.HAL_SPI_TransmitReceive_DMA
                0x080074f8      0x1f4 ./Drivers/STM32F4xx_HAL_Driver/Src/stm32f4xx_hal_spi.o
                0x080074f8                HAL_SPI_TransmitReceive_DMA
 .text.HAL_SPI_RxCpltCallback
                0x080076ec       0x14 ./Drivers/STM32F4xx_HAL_Driver/Src/stm32f4xx_hal_spi.o
                0x080076ec                HAL_SPI_RxCpltCallback
 .text.HAL_SPI_RxHalfCpltCallback
                0x08007700       0x14 ./Drivers/STM32F4xx_HAL_Driver/Src/stm32f4xx_hal_spi.o
                0x08007700                HAL_SPI_RxHalfCpltCallback
 .text.HAL_SPI_TxRxHalfCpltCallback
                0x08007714       0x14 ./Drivers/STM32F4xx_HAL_Driver/Src/stm32f4xx_hal_spi.o
                0x08007714                HAL_SPI_TxRxHalfCpltCallback
 .text.HAL_SPI_ErrorCallback
                0x08007728       0x14 ./Drivers/STM32F4xx_HAL_Driver/Src/stm32f4xx_hal_spi.o
                0x08007728                HAL_SPI_ErrorCallback
 .text.SPI_DMAReceiveCplt
                0x0800773c       0xa8 ./Drivers/STM32F4xx_HAL_Driver/Src/stm32f4xx_hal_spi.o
 .text.SPI_DMATransmitReceiveCplt
                0x080077e4       0x90 ./Drivers/STM32F4xx_HAL_Driver/Src/stm32f4xx_hal_spi.o
 .text.SPI_DMAHalfReceiveCplt
                0x08007874       0x1c ./Drivers/STM32F4xx_HAL_Driver/Src/stm32f4xx_hal_spi.o
 .text.SPI_DMAHalfTransmitReceiveCplt
                0x08007890       0x1c ./Drivers/STM32F4xx_HAL_Driver/Src/stm32f4xx_hal_spi.o
 .text.SPI_DMAError
                0x080078ac       0x40 ./Drivers/STM32F4xx_HAL_Driver/Src/stm32f4xx_hal_spi.o
 .text.SPI_WaitFlagStateUntilTimeout
                0x080078ec      0x110 ./Drivers/STM32F4xx_HAL_Driver/Src/stm32f4xx_hal_spi.o
 .text.SPI_EndRxTransaction
                0x080079fc       0xca ./Drivers/STM32F4xx_HAL_Driver/Src/stm32f4xx_hal_spi.o
 *fill*         0x08007ac6        0x2 
 .text.SPI_EndRxTxTransaction
                0x08007ac8       0xa8 ./Drivers/STM32F4xx_HAL_Driver/Src/stm32f4xx_hal_spi.o
 .text.HAL_TIM_Base_Init
                0x08007b70       0x9e ./Drivers/STM32F4xx_HAL_Driver/Src/stm32f4xx_hal_tim.o
                0x08007b70                HAL_TIM_Base_Init
 .text.HAL_TIM_OC_Init
                0x08007c0e       0x9e ./Drivers/STM32F4xx_HAL_Driver/Src/stm32f4xx_hal_tim.o
                0x08007c0e                HAL_TIM_OC_Init
 .text.HAL_TIM_OC_MspInit
                0x08007cac       0x14 ./Drivers/STM32F4xx_HAL_Driver/Src/stm32f4xx_hal_tim.o
                0x08007cac                HAL_TIM_OC_MspInit
 .text.HAL_TIM_PWM_Init
                0x08007cc0       0x9e ./Drivers/STM32F4xx_HAL_Driver/Src/stm32f4xx_hal_tim.o
                0x08007cc0                HAL_TIM_PWM_Init
 .text.HAL_TIM_PWM_MspInit
                0x08007d5e       0x14 ./Drivers/STM32F4xx_HAL_Driver/Src/stm32f4xx_hal_tim.o
                0x08007d5e                HAL_TIM_PWM_MspInit
 *fill*         0x08007d72        0x2 
 .text.HAL_TIM_PWM_Start
                0x08007d74      0x190 ./Drivers/STM32F4xx_HAL_Driver/Src/stm32f4xx_hal_tim.o
                0x08007d74                HAL_TIM_PWM_Start
 .text.HAL_TIM_OC_ConfigChannel
                0x08007f04       0xb8 ./Drivers/STM32F4xx_HAL_Driver/Src/stm32f4xx_hal_tim.o
                0x08007f04                HAL_TIM_OC_ConfigChannel
 .text.HAL_TIM_PWM_ConfigChannel
                0x08007fbc      0x184 ./Drivers/STM32F4xx_HAL_Driver/Src/stm32f4xx_hal_tim.o
                0x08007fbc                HAL_TIM_PWM_ConfigChannel
 .text.HAL_TIM_ConfigClockSource
                0x08008140      0x18e ./Drivers/STM32F4xx_HAL_Driver/Src/stm32f4xx_hal_tim.o
                0x08008140                HAL_TIM_ConfigClockSource
 *fill*         0x080082ce        0x2 
 .text.TIM_Base_SetConfig
                0x080082d0      0x158 ./Drivers/STM32F4xx_HAL_Driver/Src/stm32f4xx_hal_tim.o
                0x080082d0                TIM_Base_SetConfig
 .text.TIM_OC1_SetConfig
                0x08008428       0xe0 ./Drivers/STM32F4xx_HAL_Driver/Src/stm32f4xx_hal_tim.o
 .text.TIM_OC2_SetConfig
                0x08008508       0xec ./Drivers/STM32F4xx_HAL_Driver/Src/stm32f4xx_hal_tim.o
                0x08008508                TIM_OC2_SetConfig
 .text.TIM_OC3_SetConfig
                0x080085f4       0xe8 ./Drivers/STM32F4xx_HAL_Driver/Src/stm32f4xx_hal_tim.o
 .text.TIM_OC4_SetConfig
                0x080086dc       0xac ./Drivers/STM32F4xx_HAL_Driver/Src/stm32f4xx_hal_tim.o
 .text.TIM_TI1_ConfigInputStage
                0x08008788       0x5e ./Drivers/STM32F4xx_HAL_Driver/Src/stm32f4xx_hal_tim.o
 .text.TIM_TI2_ConfigInputStage
                0x080087e6       0x60 ./Drivers/STM32F4xx_HAL_Driver/Src/stm32f4xx_hal_tim.o
 .text.TIM_ITRx_SetConfig
                0x08008846       0x36 ./Drivers/STM32F4xx_HAL_Driver/Src/stm32f4xx_hal_tim.o
 .text.TIM_ETR_SetConfig
                0x0800887c       0x40 ./Drivers/STM32F4xx_HAL_Driver/Src/stm32f4xx_hal_tim.o
                0x0800887c                TIM_ETR_SetConfig
 .text.TIM_CCxChannelCmd
                0x080088bc       0x4a ./Drivers/STM32F4xx_HAL_Driver/Src/stm32f4xx_hal_tim.o
                0x080088bc                TIM_CCxChannelCmd
 *fill*         0x08008906        0x2 
 .text.HAL_TIMEx_MasterConfigSynchronization
                0x08008908       0xf8 ./Drivers/STM32F4xx_HAL_Driver/Src/stm32f4xx_hal_tim_ex.o
                0x08008908                HAL_TIMEx_MasterConfigSynchronization
 .text.HAL_TIMEx_ConfigBreakDeadTime
                0x08008a00       0xa4 ./Drivers/STM32F4xx_HAL_Driver/Src/stm32f4xx_hal_tim_ex.o
                0x08008a00                HAL_TIMEx_ConfigBreakDeadTime
 .text.HAL_UART_Init
                0x08008aa4       0xa0 ./Drivers/STM32F4xx_HAL_Driver/Src/stm32f4xx_hal_uart.o
                0x08008aa4                HAL_UART_Init
 .text.UART_SetConfig
                0x08008b44      0x4e8 ./Drivers/STM32F4xx_HAL_Driver/Src/stm32f4xx_hal_uart.o
 .text.memset   0x0800902c       0x10 D:/ST/STM32CubeIDE_1.16.0/STM32CubeIDE/plugins/com.st.stm32cube.ide.mcu.externaltools.gnu-tools-for-stm32.12.3.rel1.win32_1.0.200.202406191623/tools/bin/../lib/gcc/arm-none-eabi/12.3.1/../../../../arm-none-eabi/lib/thumb/v7e-m+fp/hard\libc_nano.a(libc_a-memset.o)
                0x0800902c                memset
 .text.__libc_init_array
                0x0800903c       0x48 D:/ST/STM32CubeIDE_1.16.0/STM32CubeIDE/plugins/com.st.stm32cube.ide.mcu.externaltools.gnu-tools-for-stm32.12.3.rel1.win32_1.0.200.202406191623/tools/bin/../lib/gcc/arm-none-eabi/12.3.1/../../../../arm-none-eabi/lib/thumb/v7e-m+fp/hard\libc_nano.a(libc_a-init.o)
                0x0800903c                __libc_init_array
 *(.glue_7)
 .glue_7        0x08009084        0x0 linker stubs
 *(.glue_7t)
 .glue_7t       0x08009084        0x0 linker stubs
 *(.eh_frame)
 .eh_frame      0x08009084        0x0 D:/ST/STM32CubeIDE_1.16.0/STM32CubeIDE/plugins/com.st.stm32cube.ide.mcu.externaltools.gnu-tools-for-stm32.12.3.rel1.win32_1.0.200.202406191623/tools/bin/../lib/gcc/arm-none-eabi/12.3.1/thumb/v7e-m+fp/hard/crtbegin.o
 *(.init)
 .init          0x08009084        0x4 D:/ST/STM32CubeIDE_1.16.0/STM32CubeIDE/plugins/com.st.stm32cube.ide.mcu.externaltools.gnu-tools-for-stm32.12.3.rel1.win32_1.0.200.202406191623/tools/bin/../lib/gcc/arm-none-eabi/12.3.1/thumb/v7e-m+fp/hard/crti.o
                0x08009084                _init
 .init          0x08009088        0x8 D:/ST/STM32CubeIDE_1.16.0/STM32CubeIDE/plugins/com.st.stm32cube.ide.mcu.externaltools.gnu-tools-for-stm32.12.3.rel1.win32_1.0.200.202406191623/tools/bin/../lib/gcc/arm-none-eabi/12.3.1/thumb/v7e-m+fp/hard/crtn.o
 *(.fini)
 .fini          0x08009090        0x4 D:/ST/STM32CubeIDE_1.16.0/STM32CubeIDE/plugins/com.st.stm32cube.ide.mcu.externaltools.gnu-tools-for-stm32.12.3.rel1.win32_1.0.200.202406191623/tools/bin/../lib/gcc/arm-none-eabi/12.3.1/thumb/v7e-m+fp/hard/crti.o
                0x08009090                _fini
 .fini          0x08009094        0x8 D:/ST/STM32CubeIDE_1.16.0/STM32CubeIDE/plugins/com.st.stm32cube.ide.mcu.externaltools.gnu-tools-for-stm32.12.3.rel1.win32_1.0.200.202406191623/tools/bin/../lib/gcc/arm-none-eabi/12.3.1/thumb/v7e-m+fp/hard/crtn.o
                0x0800909c                        . = ALIGN (0x4)
                0x0800909c                        _etext = .

.vfp11_veneer   0x0800909c        0x0
 .vfp11_veneer  0x0800909c        0x0 linker stubs

.v4_bx          0x0800909c        0x0
 .v4_bx         0x0800909c        0x0 linker stubs

.iplt           0x0800909c        0x0
 .iplt          0x0800909c        0x0 D:/ST/STM32CubeIDE_1.16.0/STM32CubeIDE/plugins/com.st.stm32cube.ide.mcu.externaltools.gnu-tools-for-stm32.12.3.rel1.win32_1.0.200.202406191623/tools/bin/../lib/gcc/arm-none-eabi/12.3.1/thumb/v7e-m+fp/hard/crtbegin.o

.rodata         0x0800909c       0x20
                0x0800909c                        . = ALIGN (0x4)
 *(.rodata)
 *(.rodata*)
 .rodata.AHBPrescTable
                0x0800909c       0x10 ./Core/Src/system_stm32f4xx.o
                0x0800909c                AHBPrescTable
 .rodata.APBPrescTable
                0x080090ac        0x8 ./Core/Src/system_stm32f4xx.o
                0x080090ac                APBPrescTable
 .rodata.flagBitshiftOffset.0
                0x080090b4        0x8 ./Drivers/STM32F4xx_HAL_Driver/Src/stm32f4xx_hal_dma.o
                0x080090bc                        . = ALIGN (0x4)

.ARM.extab      0x080090bc        0x0
                0x080090bc                        . = ALIGN (0x4)
 *(.ARM.extab* .gnu.linkonce.armextab.*)
                0x080090bc                        . = ALIGN (0x4)

.ARM            0x080090bc        0x8
                0x080090bc                        . = ALIGN (0x4)
                0x080090bc                        __exidx_start = .
 *(.ARM.exidx*)
 .ARM.exidx     0x080090bc        0x8 D:/ST/STM32CubeIDE_1.16.0/STM32CubeIDE/plugins/com.st.stm32cube.ide.mcu.externaltools.gnu-tools-for-stm32.12.3.rel1.win32_1.0.200.202406191623/tools/bin/../lib/gcc/arm-none-eabi/12.3.1/thumb/v7e-m+fp/hard\libgcc.a(_udivmoddi4.o)
                0x080090c4                        __exidx_end = .
                0x080090c4                        . = ALIGN (0x4)

.preinit_array  0x080090c4        0x0
                0x080090c4                        . = ALIGN (0x4)
                0x080090c4                        PROVIDE (__preinit_array_start = .)
 *(.preinit_array*)
                0x080090c4                        PROVIDE (__preinit_array_end = .)
                0x080090c4                        . = ALIGN (0x4)

.init_array     0x080090c4        0x4
                0x080090c4                        . = ALIGN (0x4)
                0x080090c4                        PROVIDE (__init_array_start = .)
 *(SORT_BY_NAME(.init_array.*))
 *(.init_array*)
 .init_array    0x080090c4        0x4 D:/ST/STM32CubeIDE_1.16.0/STM32CubeIDE/plugins/com.st.stm32cube.ide.mcu.externaltools.gnu-tools-for-stm32.12.3.rel1.win32_1.0.200.202406191623/tools/bin/../lib/gcc/arm-none-eabi/12.3.1/thumb/v7e-m+fp/hard/crtbegin.o
                0x080090c8                        PROVIDE (__init_array_end = .)
                0x080090c8                        . = ALIGN (0x4)

.fini_array     0x080090c8        0x4
                0x080090c8                        . = ALIGN (0x4)
                [!provide]                        PROVIDE (__fini_array_start = .)
 *(SORT_BY_NAME(.fini_array.*))
 *(.fini_array*)
 .fini_array    0x080090c8        0x4 D:/ST/STM32CubeIDE_1.16.0/STM32CubeIDE/plugins/com.st.stm32cube.ide.mcu.externaltools.gnu-tools-for-stm32.12.3.rel1.win32_1.0.200.202406191623/tools/bin/../lib/gcc/arm-none-eabi/12.3.1/thumb/v7e-m+fp/hard/crtbegin.o
                [!provide]                        PROVIDE (__fini_array_end = .)
                0x080090cc                        . = ALIGN (0x4)
                0x080090cc                        _sidata = LOADADDR (.data)

.rel.dyn        0x080090cc        0x0
 .rel.iplt      0x080090cc        0x0 D:/ST/STM32CubeIDE_1.16.0/STM32CubeIDE/plugins/com.st.stm32cube.ide.mcu.externaltools.gnu-tools-for-stm32.12.3.rel1.win32_1.0.200.202406191623/tools/bin/../lib/gcc/arm-none-eabi/12.3.1/thumb/v7e-m+fp/hard/crtbegin.o

.data           0x20000000       0x18 load address 0x080090cc
                0x20000000                        . = ALIGN (0x4)
                0x20000000                        _sdata = .
 *(.data)
 *(.data*)
 .data.temp_setvalue0
                0x20000000        0x4 ./Core/Src/PID.o
                0x20000000                temp_setvalue0
 .data.temp     0x20000004        0x4 ./Core/Src/PID.o
                0x20000004                temp
 .data.F_Start  0x20000008        0x4 ./Core/Src/PID.o
                0x20000008                F_Start
 .data.SystemCoreClock
                0x2000000c        0x4 ./Core/Src/system_stm32f4xx.o
                0x2000000c                SystemCoreClock
 .data.uwTickPrio
                0x20000010        0x4 ./Drivers/STM32F4xx_HAL_Driver/Src/stm32f4xx_hal.o
                0x20000010                uwTickPrio
 .data.uwTickFreq
                0x20000014        0x1 ./Drivers/STM32F4xx_HAL_Driver/Src/stm32f4xx_hal.o
                0x20000014                uwTickFreq
 *(.RamFunc)
 *(.RamFunc*)
                0x20000018                        . = ALIGN (0x4)
 *fill*         0x20000015        0x3 
                0x20000018                        _edata = .
                0x080090e4                        _siccmram = LOADADDR (.ccmram)

.igot.plt       0x20000018        0x0 load address 0x080090e4
 .igot.plt      0x20000018        0x0 D:/ST/STM32CubeIDE_1.16.0/STM32CubeIDE/plugins/com.st.stm32cube.ide.mcu.externaltools.gnu-tools-for-stm32.12.3.rel1.win32_1.0.200.202406191623/tools/bin/../lib/gcc/arm-none-eabi/12.3.1/thumb/v7e-m+fp/hard/crtbegin.o

.ccmram         0x10000000        0x0 load address 0x080090e4
                0x10000000                        . = ALIGN (0x4)
                0x10000000                        _sccmram = .
 *(.ccmram)
 *(.ccmram*)
                0x10000000                        . = ALIGN (0x4)
                0x10000000                        _eccmram = .
                0x10000000                        . = ALIGN (0x4)

.bss            0x20000018      0x808
                0x20000018                        _sbss = .
                0x20000018                        __bss_start__ = _sbss
 *(.bss)
 .bss           0x20000018       0x1c D:/ST/STM32CubeIDE_1.16.0/STM32CubeIDE/plugins/com.st.stm32cube.ide.mcu.externaltools.gnu-tools-for-stm32.12.3.rel1.win32_1.0.200.202406191623/tools/bin/../lib/gcc/arm-none-eabi/12.3.1/thumb/v7e-m+fp/hard/crtbegin.o
 *(.bss*)
 .bss.buff      0x20000034       0x1b ./Core/Src/ADS1294.o
                0x20000034                buff
 *fill*         0x2000004f        0x1 
 .bss.ADS1294_Cache
                0x20000050       0x1a ./Core/Src/ADS1294.o
                0x20000050                ADS1294_Cache
 .bss.uch_cr0   0x2000006a        0x1 ./Core/Src/MAX31856drv.o
                0x2000006a                uch_cr0
 .bss.uch_cr1   0x2000006b        0x1 ./Core/Src/MAX31856drv.o
                0x2000006b                uch_cr1
 .bss.uch_mask  0x2000006c        0x1 ./Core/Src/MAX31856drv.o
                0x2000006c                uch_mask
 *fill*         0x2000006d        0x3 
 .bss.uch_reg   0x20000070        0x8 ./Core/Src/MAX31856drv.o
                0x20000070                uch_reg
 .bss.tc_val    0x20000078        0x1 ./Core/Src/MAX31856drv.o
                0x20000078                tc_val
 .bss.uch_cjth  0x20000079        0x1 ./Core/Src/MAX31856drv.o
                0x20000079                uch_cjth
 .bss.uch_cjtl  0x2000007a        0x1 ./Core/Src/MAX31856drv.o
                0x2000007a                uch_cjtl
 .bss.uch_ltcbh
                0x2000007b        0x1 ./Core/Src/MAX31856drv.o
                0x2000007b                uch_ltcbh
 .bss.uch_ltcbm
                0x2000007c        0x1 ./Core/Src/MAX31856drv.o
                0x2000007c                uch_ltcbm
 .bss.uch_ltcbl
                0x2000007d        0x1 ./Core/Src/MAX31856drv.o
                0x2000007d                uch_ltcbl
 .bss.uch_sr    0x2000007e        0x1 ./Core/Src/MAX31856drv.o
                0x2000007e                uch_sr
 *fill*         0x2000007f        0x1 
 .bss.temperature_value
                0x20000080        0x4 ./Core/Src/MAX31856drv.o
                0x20000080                temperature_value
 .bss.f_cold_junction_temperature
                0x20000084        0x4 ./Core/Src/MAX31856drv.o
                0x20000084                f_cold_junction_temperature
 .bss.f_linearized_tc_temperature
                0x20000088        0x4 ./Core/Src/MAX31856drv.o
                0x20000088                f_linearized_tc_temperature
 *fill*         0x2000008c        0x4 
 .bss.LSencer   0x20000090       0x28 ./Core/Src/PID.o
                0x20000090                LSencer
 .bss.pid_recall
                0x200000b8        0x4 ./Core/Src/PID.o
                0x200000b8                pid_recall
 .bss.pid_count
                0x200000bc        0x4 ./Core/Src/PID.o
                0x200000bc                pid_count
 .bss.AD_DMA    0x200000c0       0x10 ./Core/Src/adc.o
                0x200000c0                AD_DMA
 .bss.volt_MONI_value
                0x200000d0       0x20 ./Core/Src/adc.o
                0x200000d0                volt_MONI_value
 .bss.hadc1     0x200000f0       0x48 ./Core/Src/adc.o
                0x200000f0                hadc1
 .bss.hdma_adc1
                0x20000138       0x60 ./Core/Src/adc.o
                0x20000138                hdma_adc1
 .bss.hcrc      0x20000198        0x8 ./Core/Src/crc.o
                0x20000198                hcrc
 .bss.hdac      0x200001a0       0x14 ./Core/Src/dac.o
                0x200001a0                hdac
 .bss.temperature_value_al
                0x200001b4        0x4 ./Core/Src/i2c.o
                0x200001b4                temperature_value_al
 .bss.hi2c1     0x200001b8       0x54 ./Core/Src/i2c.o
                0x200001b8                hi2c1
 .bss.hi2c2     0x2000020c       0x54 ./Core/Src/i2c.o
                0x2000020c                hi2c2
 .bss.readdata  0x20000260       0x1b ./Core/Src/main.o
                0x20000260                readdata
 *fill*         0x2000027b        0x1 
 .bss.ecgdata   0x2000027c       0x30 ./Core/Src/main.o
                0x2000027c                ecgdata
 .bss.rspdata   0x200002ac       0x30 ./Core/Src/main.o
                0x200002ac                rspdata
 .bss.senddata  0x200002dc       0x76 ./Core/Src/main.o
                0x200002dc                senddata
 *fill*         0x20000352        0x2 
 .bss.hspi2     0x20000354       0x58 ./Core/Src/spi.o
                0x20000354                hspi2
 .bss.hspi3     0x200003ac       0x58 ./Core/Src/spi.o
                0x200003ac                hspi3
 .bss.hspi4     0x20000404       0x58 ./Core/Src/spi.o
                0x20000404                hspi4
 .bss.hspi5     0x2000045c       0x58 ./Core/Src/spi.o
                0x2000045c                hspi5
 .bss.hspi6     0x200004b4       0x58 ./Core/Src/spi.o
                0x200004b4                hspi6
 .bss.hdma_spi6_rx
                0x2000050c       0x60 ./Core/Src/spi.o
                0x2000050c                hdma_spi6_rx
 .bss.hdma_spi6_tx
                0x2000056c       0x60 ./Core/Src/spi.o
                0x2000056c                hdma_spi6_tx
 .bss.recivedata_counter
                0x200005cc        0x4 ./Core/Src/stm32f4xx_it.o
 .bss.recivedata_counter_temp
                0x200005d0        0x4 ./Core/Src/stm32f4xx_it.o
 .bss.leadoff_final
                0x200005d4        0x1 ./Core/Src/stm32f4xx_it.o
                0x200005d4                leadoff_final
 .bss.ecg_num   0x200005d5        0x1 ./Core/Src/stm32f4xx_it.o
                0x200005d5                ecg_num
 .bss.rsp_num   0x200005d6        0x1 ./Core/Src/stm32f4xx_it.o
                0x200005d6                rsp_num
 *fill*         0x200005d7        0x1 
 .bss.u_float   0x200005d8        0x4 ./Core/Src/stm32f4xx_it.o
                0x200005d8                u_float
 .bss.htim1     0x200005dc       0x48 ./Core/Src/tim.o
                0x200005dc                htim1
 .bss.htim3     0x20000624       0x48 ./Core/Src/tim.o
                0x20000624                htim3
 .bss.htim8     0x2000066c       0x48 ./Core/Src/tim.o
                0x2000066c                htim8
 .bss.huart5    0x200006b4       0x48 ./Core/Src/usart.o
                0x200006b4                huart5
 .bss.huart7    0x200006fc       0x48 ./Core/Src/usart.o
                0x200006fc                huart7
 .bss.huart8    0x20000744       0x48 ./Core/Src/usart.o
                0x20000744                huart8
 .bss.huart2    0x2000078c       0x48 ./Core/Src/usart.o
                0x2000078c                huart2
 .bss.huart3    0x200007d4       0x48 ./Core/Src/usart.o
                0x200007d4                huart3
 .bss.uwTick    0x2000081c        0x4 ./Drivers/STM32F4xx_HAL_Driver/Src/stm32f4xx_hal.o
                0x2000081c                uwTick
 *(COMMON)
                0x20000820                        . = ALIGN (0x4)
                0x20000820                        _ebss = .
                0x20000820                        __bss_end__ = _ebss

._user_heap_stack
                0x20000820      0x600
                0x20000820                        . = ALIGN (0x8)
                [!provide]                        PROVIDE (end = .)
                0x20000820                        PROVIDE (_end = .)
                0x20000a20                        . = (. + _Min_Heap_Size)
 *fill*         0x20000820      0x200 
                0x20000e20                        . = (. + _Min_Stack_Size)
 *fill*         0x20000a20      0x400 
                0x20000e20                        . = ALIGN (0x8)

/DISCARD/
 libc.a(*)
 libm.a(*)
 libgcc.a(*)

.ARM.attributes
                0x00000000       0x30
 *(.ARM.attributes)
 .ARM.attributes
                0x00000000       0x22 D:/ST/STM32CubeIDE_1.16.0/STM32CubeIDE/plugins/com.st.stm32cube.ide.mcu.externaltools.gnu-tools-for-stm32.12.3.rel1.win32_1.0.200.202406191623/tools/bin/../lib/gcc/arm-none-eabi/12.3.1/thumb/v7e-m+fp/hard/crti.o
 .ARM.attributes
                0x00000022       0x34 D:/ST/STM32CubeIDE_1.16.0/STM32CubeIDE/plugins/com.st.stm32cube.ide.mcu.externaltools.gnu-tools-for-stm32.12.3.rel1.win32_1.0.200.202406191623/tools/bin/../lib/gcc/arm-none-eabi/12.3.1/thumb/v7e-m+fp/hard/crtbegin.o
 .ARM.attributes
                0x00000056       0x34 ./Core/Src/ADS1294.o
 .ARM.attributes
                0x0000008a       0x34 ./Core/Src/MAX31856drv.o
 .ARM.attributes
                0x000000be       0x34 ./Core/Src/PID.o
 .ARM.attributes
                0x000000f2       0x34 ./Core/Src/adc.o
 .ARM.attributes
                0x00000126       0x34 ./Core/Src/crc.o
 .ARM.attributes
                0x0000015a       0x34 ./Core/Src/dac.o
 .ARM.attributes
                0x0000018e       0x34 ./Core/Src/dma.o
 .ARM.attributes
                0x000001c2       0x34 ./Core/Src/gpio.o
 .ARM.attributes
                0x000001f6       0x34 ./Core/Src/i2c.o
 .ARM.attributes
                0x0000022a       0x34 ./Core/Src/main.o
 .ARM.attributes
                0x0000025e       0x34 ./Core/Src/spi.o
 .ARM.attributes
                0x00000292       0x34 ./Core/Src/stm32f4xx_hal_msp.o
 .ARM.attributes
                0x000002c6       0x34 ./Core/Src/stm32f4xx_it.o
 .ARM.attributes
                0x000002fa       0x34 ./Core/Src/system_stm32f4xx.o
 .ARM.attributes
                0x0000032e       0x34 ./Core/Src/tim.o
 .ARM.attributes
                0x00000362       0x34 ./Core/Src/usart.o
 .ARM.attributes
                0x00000396       0x21 ./Core/Startup/startup_stm32f429zgtx.o
 .ARM.attributes
                0x000003b7       0x34 ./Drivers/STM32F4xx_HAL_Driver/Src/stm32f4xx_hal.o
 .ARM.attributes
                0x000003eb       0x34 ./Drivers/STM32F4xx_HAL_Driver/Src/stm32f4xx_hal_adc.o
 .ARM.attributes
                0x0000041f       0x34 ./Drivers/STM32F4xx_HAL_Driver/Src/stm32f4xx_hal_cortex.o
 .ARM.attributes
                0x00000453       0x34 ./Drivers/STM32F4xx_HAL_Driver/Src/stm32f4xx_hal_crc.o
 .ARM.attributes
                0x00000487       0x34 ./Drivers/STM32F4xx_HAL_Driver/Src/stm32f4xx_hal_dac.o
 .ARM.attributes
                0x000004bb       0x34 ./Drivers/STM32F4xx_HAL_Driver/Src/stm32f4xx_hal_dma.o
 .ARM.attributes
                0x000004ef       0x34 ./Drivers/STM32F4xx_HAL_Driver/Src/stm32f4xx_hal_gpio.o
 .ARM.attributes
                0x00000523       0x34 ./Drivers/STM32F4xx_HAL_Driver/Src/stm32f4xx_hal_i2c.o
 .ARM.attributes
                0x00000557       0x34 ./Drivers/STM32F4xx_HAL_Driver/Src/stm32f4xx_hal_i2c_ex.o
 .ARM.attributes
                0x0000058b       0x34 ./Drivers/STM32F4xx_HAL_Driver/Src/stm32f4xx_hal_rcc.o
 .ARM.attributes
                0x000005bf       0x34 ./Drivers/STM32F4xx_HAL_Driver/Src/stm32f4xx_hal_spi.o
 .ARM.attributes
                0x000005f3       0x34 ./Drivers/STM32F4xx_HAL_Driver/Src/stm32f4xx_hal_tim.o
 .ARM.attributes
                0x00000627       0x34 ./Drivers/STM32F4xx_HAL_Driver/Src/stm32f4xx_hal_tim_ex.o
 .ARM.attributes
                0x0000065b       0x34 ./Drivers/STM32F4xx_HAL_Driver/Src/stm32f4xx_hal_uart.o
 .ARM.attributes
                0x0000068f       0x34 D:/ST/STM32CubeIDE_1.16.0/STM32CubeIDE/plugins/com.st.stm32cube.ide.mcu.externaltools.gnu-tools-for-stm32.12.3.rel1.win32_1.0.200.202406191623/tools/bin/../lib/gcc/arm-none-eabi/12.3.1/../../../../arm-none-eabi/lib/thumb/v7e-m+fp/hard\libc_nano.a(libc_a-memset.o)
 .ARM.attributes
                0x000006c3       0x34 D:/ST/STM32CubeIDE_1.16.0/STM32CubeIDE/plugins/com.st.stm32cube.ide.mcu.externaltools.gnu-tools-for-stm32.12.3.rel1.win32_1.0.200.202406191623/tools/bin/../lib/gcc/arm-none-eabi/12.3.1/../../../../arm-none-eabi/lib/thumb/v7e-m+fp/hard\libc_nano.a(libc_a-init.o)
 .ARM.attributes
                0x000006f7       0x22 D:/ST/STM32CubeIDE_1.16.0/STM32CubeIDE/plugins/com.st.stm32cube.ide.mcu.externaltools.gnu-tools-for-stm32.12.3.rel1.win32_1.0.200.202406191623/tools/bin/../lib/gcc/arm-none-eabi/12.3.1/thumb/v7e-m+fp/hard\libgcc.a(_arm_addsubdf3.o)
 .ARM.attributes
                0x00000719       0x22 D:/ST/STM32CubeIDE_1.16.0/STM32CubeIDE/plugins/com.st.stm32cube.ide.mcu.externaltools.gnu-tools-for-stm32.12.3.rel1.win32_1.0.200.202406191623/tools/bin/../lib/gcc/arm-none-eabi/12.3.1/thumb/v7e-m+fp/hard\libgcc.a(_arm_muldivdf3.o)
 .ARM.attributes
                0x0000073b       0x22 D:/ST/STM32CubeIDE_1.16.0/STM32CubeIDE/plugins/com.st.stm32cube.ide.mcu.externaltools.gnu-tools-for-stm32.12.3.rel1.win32_1.0.200.202406191623/tools/bin/../lib/gcc/arm-none-eabi/12.3.1/thumb/v7e-m+fp/hard\libgcc.a(_arm_cmpdf2.o)
 .ARM.attributes
                0x0000075d       0x22 D:/ST/STM32CubeIDE_1.16.0/STM32CubeIDE/plugins/com.st.stm32cube.ide.mcu.externaltools.gnu-tools-for-stm32.12.3.rel1.win32_1.0.200.202406191623/tools/bin/../lib/gcc/arm-none-eabi/12.3.1/thumb/v7e-m+fp/hard\libgcc.a(_arm_truncdfsf2.o)
 .ARM.attributes
                0x0000077f       0x22 D:/ST/STM32CubeIDE_1.16.0/STM32CubeIDE/plugins/com.st.stm32cube.ide.mcu.externaltools.gnu-tools-for-stm32.12.3.rel1.win32_1.0.200.202406191623/tools/bin/../lib/gcc/arm-none-eabi/12.3.1/thumb/v7e-m+fp/hard\libgcc.a(_aeabi_uldivmod.o)
 .ARM.attributes
                0x000007a1       0x34 D:/ST/STM32CubeIDE_1.16.0/STM32CubeIDE/plugins/com.st.stm32cube.ide.mcu.externaltools.gnu-tools-for-stm32.12.3.rel1.win32_1.0.200.202406191623/tools/bin/../lib/gcc/arm-none-eabi/12.3.1/thumb/v7e-m+fp/hard\libgcc.a(_udivmoddi4.o)
 .ARM.attributes
                0x000007d5       0x22 D:/ST/STM32CubeIDE_1.16.0/STM32CubeIDE/plugins/com.st.stm32cube.ide.mcu.externaltools.gnu-tools-for-stm32.12.3.rel1.win32_1.0.200.202406191623/tools/bin/../lib/gcc/arm-none-eabi/12.3.1/thumb/v7e-m+fp/hard\libgcc.a(_dvmd_tls.o)
 .ARM.attributes
                0x000007f7       0x22 D:/ST/STM32CubeIDE_1.16.0/STM32CubeIDE/plugins/com.st.stm32cube.ide.mcu.externaltools.gnu-tools-for-stm32.12.3.rel1.win32_1.0.200.202406191623/tools/bin/../lib/gcc/arm-none-eabi/12.3.1/thumb/v7e-m+fp/hard/crtn.o
OUTPUT(Physio.elf elf32-littlearm)
LOAD linker stubs
LOAD D:/ST/STM32CubeIDE_1.16.0/STM32CubeIDE/plugins/com.st.stm32cube.ide.mcu.externaltools.gnu-tools-for-stm32.12.3.rel1.win32_1.0.200.202406191623/tools/bin/../lib/gcc/arm-none-eabi/12.3.1/../../../../arm-none-eabi/lib/thumb/v7e-m+fp/hard\libc.a
LOAD D:/ST/STM32CubeIDE_1.16.0/STM32CubeIDE/plugins/com.st.stm32cube.ide.mcu.externaltools.gnu-tools-for-stm32.12.3.rel1.win32_1.0.200.202406191623/tools/bin/../lib/gcc/arm-none-eabi/12.3.1/../../../../arm-none-eabi/lib/thumb/v7e-m+fp/hard\libm.a
LOAD D:/ST/STM32CubeIDE_1.16.0/STM32CubeIDE/plugins/com.st.stm32cube.ide.mcu.externaltools.gnu-tools-for-stm32.12.3.rel1.win32_1.0.200.202406191623/tools/bin/../lib/gcc/arm-none-eabi/12.3.1/thumb/v7e-m+fp/hard\libgcc.a

.debug_info     0x00000000    0x187ca
 .debug_info    0x00000000      0xce8 ./Core/Src/ADS1294.o
 .debug_info    0x00000ce8      0x985 ./Core/Src/MAX31856drv.o
 .debug_info    0x0000166d      0x77d ./Core/Src/PID.o
 .debug_info    0x00001dea      0xdc2 ./Core/Src/adc.o
 .debug_info    0x00002bac      0x437 ./Core/Src/crc.o
 .debug_info    0x00002fe3      0x8d7 ./Core/Src/dac.o
 .debug_info    0x000038ba      0x4fb ./Core/Src/dma.o
 .debug_info    0x00003db5      0x738 ./Core/Src/gpio.o
 .debug_info    0x000044ed      0xb8c ./Core/Src/i2c.o
 .debug_info    0x00005079      0x901 ./Core/Src/main.o
 .debug_info    0x0000597a      0xc28 ./Core/Src/spi.o
 .debug_info    0x000065a2      0x281 ./Core/Src/stm32f4xx_hal_msp.o
 .debug_info    0x00006823      0x8b8 ./Core/Src/stm32f4xx_it.o
 .debug_info    0x000070db      0x52e ./Core/Src/system_stm32f4xx.o
 .debug_info    0x00007609      0xe0e ./Core/Src/tim.o
 .debug_info    0x00008417      0xb08 ./Core/Src/usart.o
 .debug_info    0x00008f1f       0x30 ./Core/Startup/startup_stm32f429zgtx.o
 .debug_info    0x00008f4f      0x9ba ./Drivers/STM32F4xx_HAL_Driver/Src/stm32f4xx_hal.o
 .debug_info    0x00009909      0xcd4 ./Drivers/STM32F4xx_HAL_Driver/Src/stm32f4xx_hal_adc.o
 .debug_info    0x0000a5dd      0xd8d ./Drivers/STM32F4xx_HAL_Driver/Src/stm32f4xx_hal_cortex.o
 .debug_info    0x0000b36a      0x37f ./Drivers/STM32F4xx_HAL_Driver/Src/stm32f4xx_hal_crc.o
 .debug_info    0x0000b6e9      0xa01 ./Drivers/STM32F4xx_HAL_Driver/Src/stm32f4xx_hal_dac.o
 .debug_info    0x0000c0ea      0x8e7 ./Drivers/STM32F4xx_HAL_Driver/Src/stm32f4xx_hal_dma.o
 .debug_info    0x0000c9d1      0x6db ./Drivers/STM32F4xx_HAL_Driver/Src/stm32f4xx_hal_gpio.o
 .debug_info    0x0000d0ac     0x2421 ./Drivers/STM32F4xx_HAL_Driver/Src/stm32f4xx_hal_i2c.o
 .debug_info    0x0000f4cd      0x672 ./Drivers/STM32F4xx_HAL_Driver/Src/stm32f4xx_hal_i2c_ex.o
 .debug_info    0x0000fb3f      0x8c9 ./Drivers/STM32F4xx_HAL_Driver/Src/stm32f4xx_hal_rcc.o
 .debug_info    0x00010408     0x15fb ./Drivers/STM32F4xx_HAL_Driver/Src/stm32f4xx_hal_spi.o
 .debug_info    0x00011a03     0x299d ./Drivers/STM32F4xx_HAL_Driver/Src/stm32f4xx_hal_tim.o
 .debug_info    0x000143a0     0x14db ./Drivers/STM32F4xx_HAL_Driver/Src/stm32f4xx_hal_tim_ex.o
 .debug_info    0x0001587b     0x2f4f ./Drivers/STM32F4xx_HAL_Driver/Src/stm32f4xx_hal_uart.o

.debug_abbrev   0x00000000     0x40a0
 .debug_abbrev  0x00000000      0x2d7 ./Core/Src/ADS1294.o
 .debug_abbrev  0x000002d7      0x26d ./Core/Src/MAX31856drv.o
 .debug_abbrev  0x00000544      0x1f4 ./Core/Src/PID.o
 .debug_abbrev  0x00000738      0x26d ./Core/Src/adc.o
 .debug_abbrev  0x000009a5      0x19b ./Core/Src/crc.o
 .debug_abbrev  0x00000b40      0x1fa ./Core/Src/dac.o
 .debug_abbrev  0x00000d3a      0x10e ./Core/Src/dma.o
 .debug_abbrev  0x00000e48      0x174 ./Core/Src/gpio.o
 .debug_abbrev  0x00000fbc      0x26e ./Core/Src/i2c.o
 .debug_abbrev  0x0000122a      0x24e ./Core/Src/main.o
 .debug_abbrev  0x00001478      0x259 ./Core/Src/spi.o
 .debug_abbrev  0x000016d1       0xd8 ./Core/Src/stm32f4xx_hal_msp.o
 .debug_abbrev  0x000017a9      0x25f ./Core/Src/stm32f4xx_it.o
 .debug_abbrev  0x00001a08      0x11a ./Core/Src/system_stm32f4xx.o
 .debug_abbrev  0x00001b22      0x267 ./Core/Src/tim.o
 .debug_abbrev  0x00001d89      0x23b ./Core/Src/usart.o
 .debug_abbrev  0x00001fc4       0x24 ./Core/Startup/startup_stm32f429zgtx.o
 .debug_abbrev  0x00001fe8      0x214 ./Drivers/STM32F4xx_HAL_Driver/Src/stm32f4xx_hal.o
 .debug_abbrev  0x000021fc      0x252 ./Drivers/STM32F4xx_HAL_Driver/Src/stm32f4xx_hal_adc.o
 .debug_abbrev  0x0000244e      0x328 ./Drivers/STM32F4xx_HAL_Driver/Src/stm32f4xx_hal_cortex.o
 .debug_abbrev  0x00002776      0x1b1 ./Drivers/STM32F4xx_HAL_Driver/Src/stm32f4xx_hal_crc.o
 .debug_abbrev  0x00002927      0x1fa ./Drivers/STM32F4xx_HAL_Driver/Src/stm32f4xx_hal_dac.o
 .debug_abbrev  0x00002b21      0x264 ./Drivers/STM32F4xx_HAL_Driver/Src/stm32f4xx_hal_dma.o
 .debug_abbrev  0x00002d85      0x1d4 ./Drivers/STM32F4xx_HAL_Driver/Src/stm32f4xx_hal_gpio.o
 .debug_abbrev  0x00002f59      0x2ad ./Drivers/STM32F4xx_HAL_Driver/Src/stm32f4xx_hal_i2c.o
 .debug_abbrev  0x00003206      0x157 ./Drivers/STM32F4xx_HAL_Driver/Src/stm32f4xx_hal_i2c_ex.o
 .debug_abbrev  0x0000335d      0x2b6 ./Drivers/STM32F4xx_HAL_Driver/Src/stm32f4xx_hal_rcc.o
 .debug_abbrev  0x00003613      0x284 ./Drivers/STM32F4xx_HAL_Driver/Src/stm32f4xx_hal_spi.o
 .debug_abbrev  0x00003897      0x278 ./Drivers/STM32F4xx_HAL_Driver/Src/stm32f4xx_hal_tim.o
 .debug_abbrev  0x00003b0f      0x283 ./Drivers/STM32F4xx_HAL_Driver/Src/stm32f4xx_hal_tim_ex.o
 .debug_abbrev  0x00003d92      0x30e ./Drivers/STM32F4xx_HAL_Driver/Src/stm32f4xx_hal_uart.o

.debug_aranges  0x00000000     0x1618
 .debug_aranges
                0x00000000       0x78 ./Core/Src/ADS1294.o
 .debug_aranges
                0x00000078       0x68 ./Core/Src/MAX31856drv.o
 .debug_aranges
                0x000000e0       0x60 ./Core/Src/PID.o
 .debug_aranges
                0x00000140       0x48 ./Core/Src/adc.o
 .debug_aranges
                0x00000188       0x30 ./Core/Src/crc.o
 .debug_aranges
                0x000001b8       0x30 ./Core/Src/dac.o
 .debug_aranges
                0x000001e8       0x20 ./Core/Src/dma.o
 .debug_aranges
                0x00000208       0x20 ./Core/Src/gpio.o
 .debug_aranges
                0x00000228       0x58 ./Core/Src/i2c.o
 .debug_aranges
                0x00000280       0x30 ./Core/Src/main.o
 .debug_aranges
                0x000002b0       0x58 ./Core/Src/spi.o
 .debug_aranges
                0x00000308       0x20 ./Core/Src/stm32f4xx_hal_msp.o
 .debug_aranges
                0x00000328       0xa0 ./Core/Src/stm32f4xx_it.o
 .debug_aranges
                0x000003c8       0x28 ./Core/Src/system_stm32f4xx.o
 .debug_aranges
                0x000003f0       0x48 ./Core/Src/tim.o
 .debug_aranges
                0x00000438       0x50 ./Core/Src/usart.o
 .debug_aranges
                0x00000488       0x28 ./Core/Startup/startup_stm32f429zgtx.o
 .debug_aranges
                0x000004b0      0x100 ./Drivers/STM32F4xx_HAL_Driver/Src/stm32f4xx_hal.o
 .debug_aranges
                0x000005b0       0xe8 ./Drivers/STM32F4xx_HAL_Driver/Src/stm32f4xx_hal_adc.o
 .debug_aranges
                0x00000698      0x120 ./Drivers/STM32F4xx_HAL_Driver/Src/stm32f4xx_hal_cortex.o
 .debug_aranges
                0x000007b8       0x50 ./Drivers/STM32F4xx_HAL_Driver/Src/stm32f4xx_hal_crc.o
 .debug_aranges
                0x00000808       0xc0 ./Drivers/STM32F4xx_HAL_Driver/Src/stm32f4xx_hal_dac.o
 .debug_aranges
                0x000008c8       0x90 ./Drivers/STM32F4xx_HAL_Driver/Src/stm32f4xx_hal_dma.o
 .debug_aranges
                0x00000958       0x58 ./Drivers/STM32F4xx_HAL_Driver/Src/stm32f4xx_hal_gpio.o
 .debug_aranges
                0x000009b0      0x2a8 ./Drivers/STM32F4xx_HAL_Driver/Src/stm32f4xx_hal_i2c.o
 .debug_aranges
                0x00000c58       0x28 ./Drivers/STM32F4xx_HAL_Driver/Src/stm32f4xx_hal_i2c_ex.o
 .debug_aranges
                0x00000c80       0x88 ./Drivers/STM32F4xx_HAL_Driver/Src/stm32f4xx_hal_rcc.o
 .debug_aranges
                0x00000d08      0x1d0 ./Drivers/STM32F4xx_HAL_Driver/Src/stm32f4xx_hal_spi.o
 .debug_aranges
                0x00000ed8      0x3d0 ./Drivers/STM32F4xx_HAL_Driver/Src/stm32f4xx_hal_tim.o
 .debug_aranges
                0x000012a8      0x168 ./Drivers/STM32F4xx_HAL_Driver/Src/stm32f4xx_hal_tim_ex.o
 .debug_aranges
                0x00001410      0x208 ./Drivers/STM32F4xx_HAL_Driver/Src/stm32f4xx_hal_uart.o

.debug_rnglists
                0x00000000     0x112d
 .debug_rnglists
                0x00000000       0x58 ./Core/Src/ADS1294.o
 .debug_rnglists
                0x00000058       0x4b ./Core/Src/MAX31856drv.o
 .debug_rnglists
                0x000000a3       0x46 ./Core/Src/PID.o
 .debug_rnglists
                0x000000e9       0x35 ./Core/Src/adc.o
 .debug_rnglists
                0x0000011e       0x1f ./Core/Src/crc.o
 .debug_rnglists
                0x0000013d       0x21 ./Core/Src/dac.o
 .debug_rnglists
                0x0000015e       0x13 ./Core/Src/dma.o
 .debug_rnglists
                0x00000171       0x14 ./Core/Src/gpio.o
 .debug_rnglists
                0x00000185       0x40 ./Core/Src/i2c.o
 .debug_rnglists
                0x000001c5       0x21 ./Core/Src/main.o
 .debug_rnglists
                0x000001e6       0x3f ./Core/Src/spi.o
 .debug_rnglists
                0x00000225       0x13 ./Core/Src/stm32f4xx_hal_msp.o
 .debug_rnglists
                0x00000238       0x74 ./Core/Src/stm32f4xx_it.o
 .debug_rnglists
                0x000002ac       0x1a ./Core/Src/system_stm32f4xx.o
 .debug_rnglists
                0x000002c6       0x36 ./Core/Src/tim.o
 .debug_rnglists
                0x000002fc       0x39 ./Core/Src/usart.o
 .debug_rnglists
                0x00000335       0x19 ./Core/Startup/startup_stm32f429zgtx.o
 .debug_rnglists
                0x0000034e       0xbb ./Drivers/STM32F4xx_HAL_Driver/Src/stm32f4xx_hal.o
 .debug_rnglists
                0x00000409       0xb5 ./Drivers/STM32F4xx_HAL_Driver/Src/stm32f4xx_hal_adc.o
 .debug_rnglists
                0x000004be       0xd4 ./Drivers/STM32F4xx_HAL_Driver/Src/stm32f4xx_hal_cortex.o
 .debug_rnglists
                0x00000592       0x37 ./Drivers/STM32F4xx_HAL_Driver/Src/stm32f4xx_hal_crc.o
 .debug_rnglists
                0x000005c9       0x90 ./Drivers/STM32F4xx_HAL_Driver/Src/stm32f4xx_hal_dac.o
 .debug_rnglists
                0x00000659       0x70 ./Drivers/STM32F4xx_HAL_Driver/Src/stm32f4xx_hal_dma.o
 .debug_rnglists
                0x000006c9       0x3f ./Drivers/STM32F4xx_HAL_Driver/Src/stm32f4xx_hal_gpio.o
 .debug_rnglists
                0x00000708      0x23c ./Drivers/STM32F4xx_HAL_Driver/Src/stm32f4xx_hal_i2c.o
 .debug_rnglists
                0x00000944       0x19 ./Drivers/STM32F4xx_HAL_Driver/Src/stm32f4xx_hal_i2c_ex.o
 .debug_rnglists
                0x0000095d       0x66 ./Drivers/STM32F4xx_HAL_Driver/Src/stm32f4xx_hal_rcc.o
 .debug_rnglists
                0x000009c3      0x16f ./Drivers/STM32F4xx_HAL_Driver/Src/stm32f4xx_hal_spi.o
 .debug_rnglists
                0x00000b32      0x31a ./Drivers/STM32F4xx_HAL_Driver/Src/stm32f4xx_hal_tim.o
 .debug_rnglists
                0x00000e4c      0x125 ./Drivers/STM32F4xx_HAL_Driver/Src/stm32f4xx_hal_tim_ex.o
 .debug_rnglists
                0x00000f71      0x1bc ./Drivers/STM32F4xx_HAL_Driver/Src/stm32f4xx_hal_uart.o

.debug_macro    0x00000000    0x27e86
 .debug_macro   0x00000000      0x26b ./Core/Src/ADS1294.o
 .debug_macro   0x0000026b      0xab4 ./Core/Src/ADS1294.o
 .debug_macro   0x00000d1f      0x826 ./Core/Src/ADS1294.o
 .debug_macro   0x00001545      0x2b9 ./Core/Src/ADS1294.o
 .debug_macro   0x000017fe       0x2e ./Core/Src/ADS1294.o
 .debug_macro   0x0000182c       0x28 ./Core/Src/ADS1294.o
 .debug_macro   0x00001854       0x22 ./Core/Src/ADS1294.o
 .debug_macro   0x00001876       0x8e ./Core/Src/ADS1294.o
 .debug_macro   0x00001904       0x51 ./Core/Src/ADS1294.o
 .debug_macro   0x00001955      0x103 ./Core/Src/ADS1294.o
 .debug_macro   0x00001a58       0x6a ./Core/Src/ADS1294.o
 .debug_macro   0x00001ac2      0x1df ./Core/Src/ADS1294.o
 .debug_macro   0x00001ca1       0x1c ./Core/Src/ADS1294.o
 .debug_macro   0x00001cbd       0x22 ./Core/Src/ADS1294.o
 .debug_macro   0x00001cdf       0xfb ./Core/Src/ADS1294.o
 .debug_macro   0x00001dda     0x1011 ./Core/Src/ADS1294.o
 .debug_macro   0x00002deb      0x11f ./Core/Src/ADS1294.o
 .debug_macro   0x00002f0a    0x17fd8 ./Core/Src/ADS1294.o
 .debug_macro   0x0001aee2       0x6d ./Core/Src/ADS1294.o
 .debug_macro   0x0001af4f     0x3703 ./Core/Src/ADS1294.o
 .debug_macro   0x0001e652      0x189 ./Core/Src/ADS1294.o
 .debug_macro   0x0001e7db       0x5c ./Core/Src/ADS1294.o
 .debug_macro   0x0001e837      0xcba ./Core/Src/ADS1294.o
 .debug_macro   0x0001f4f1      0x9e9 ./Core/Src/ADS1294.o
 .debug_macro   0x0001feda      0x115 ./Core/Src/ADS1294.o
 .debug_macro   0x0001ffef      0x156 ./Core/Src/ADS1294.o
 .debug_macro   0x00020145       0xa5 ./Core/Src/ADS1294.o
 .debug_macro   0x000201ea      0x182 ./Core/Src/ADS1294.o
 .debug_macro   0x0002036c      0x287 ./Core/Src/ADS1294.o
 .debug_macro   0x000205f3       0x5f ./Core/Src/ADS1294.o
 .debug_macro   0x00020652      0x236 ./Core/Src/ADS1294.o
 .debug_macro   0x00020888      0xb54 ./Core/Src/ADS1294.o
 .debug_macro   0x000213dc      0x38b ./Core/Src/ADS1294.o
 .debug_macro   0x00021767      0x184 ./Core/Src/ADS1294.o
 .debug_macro   0x000218eb       0xf9 ./Core/Src/ADS1294.o
 .debug_macro   0x000219e4       0x22 ./Core/Src/ADS1294.o
 .debug_macro   0x00021a06      0x122 ./Core/Src/ADS1294.o
 .debug_macro   0x00021b28       0xa6 ./Core/Src/ADS1294.o
 .debug_macro   0x00021bce      0x132 ./Core/Src/ADS1294.o
 .debug_macro   0x00021d00      0x41d ./Core/Src/ADS1294.o
 .debug_macro   0x0002211d       0x2e ./Core/Src/ADS1294.o
 .debug_macro   0x0002214b      0x1b5 ./Core/Src/ADS1294.o
 .debug_macro   0x00022300       0x22 ./Core/Src/ADS1294.o
 .debug_macro   0x00022322       0xd6 ./Core/Src/ADS1294.o
 .debug_macro   0x000223f8      0x127 ./Core/Src/ADS1294.o
 .debug_macro   0x0002251f       0xe2 ./Core/Src/ADS1294.o
 .debug_macro   0x00022601       0x89 ./Core/Src/ADS1294.o
 .debug_macro   0x0002268a      0x225 ./Core/Src/ADS1294.o
 .debug_macro   0x000228af      0x8ed ./Core/Src/ADS1294.o
 .debug_macro   0x0002319c       0x4d ./Core/Src/ADS1294.o
 .debug_macro   0x000231e9      0x2aa ./Core/Src/ADS1294.o
 .debug_macro   0x00023493      0x134 ./Core/Src/ADS1294.o
 .debug_macro   0x000235c7      0x2ec ./Core/Src/ADS1294.o
 .debug_macro   0x000238b3      0x26b ./Core/Src/MAX31856drv.o
 .debug_macro   0x00023b1e      0x12d ./Core/Src/MAX31856drv.o
 .debug_macro   0x00023c4b      0x25a ./Core/Src/PID.o
 .debug_macro   0x00023ea5      0x250 ./Core/Src/adc.o
 .debug_macro   0x000240f5      0x250 ./Core/Src/crc.o
 .debug_macro   0x00024345      0x250 ./Core/Src/dac.o
 .debug_macro   0x00024595      0x250 ./Core/Src/dma.o
 .debug_macro   0x000247e5      0x250 ./Core/Src/gpio.o
 .debug_macro   0x00024a35      0x255 ./Core/Src/i2c.o
 .debug_macro   0x00024c8a       0x10 ./Core/Src/i2c.o
 .debug_macro   0x00024c9a      0x2bf ./Core/Src/main.o
 .debug_macro   0x00024f59       0x16 ./Core/Src/main.o
 .debug_macro   0x00024f6f      0x133 ./Core/Src/main.o
 .debug_macro   0x000250a2      0x250 ./Core/Src/spi.o
 .debug_macro   0x000252f2      0x246 ./Core/Src/stm32f4xx_hal_msp.o
 .debug_macro   0x00025538      0x284 ./Core/Src/stm32f4xx_it.o
 .debug_macro   0x000257bc      0x237 ./Core/Src/system_stm32f4xx.o
 .debug_macro   0x000259f3      0x250 ./Core/Src/tim.o
 .debug_macro   0x00025c43      0x250 ./Core/Src/usart.o
 .debug_macro   0x00025e93      0x297 ./Drivers/STM32F4xx_HAL_Driver/Src/stm32f4xx_hal.o
 .debug_macro   0x0002612a      0x238 ./Drivers/STM32F4xx_HAL_Driver/Src/stm32f4xx_hal_adc.o
 .debug_macro   0x00026362      0x237 ./Drivers/STM32F4xx_HAL_Driver/Src/stm32f4xx_hal_cortex.o
 .debug_macro   0x00026599      0x237 ./Drivers/STM32F4xx_HAL_Driver/Src/stm32f4xx_hal_crc.o
 .debug_macro   0x000267d0      0x238 ./Drivers/STM32F4xx_HAL_Driver/Src/stm32f4xx_hal_dac.o
 .debug_macro   0x00026a08      0x23d ./Drivers/STM32F4xx_HAL_Driver/Src/stm32f4xx_hal_dma.o
 .debug_macro   0x00026c45      0x23d ./Drivers/STM32F4xx_HAL_Driver/Src/stm32f4xx_hal_gpio.o
 .debug_macro   0x00026e82      0x285 ./Drivers/STM32F4xx_HAL_Driver/Src/stm32f4xx_hal_i2c.o
 .debug_macro   0x00027107      0x237 ./Drivers/STM32F4xx_HAL_Driver/Src/stm32f4xx_hal_i2c_ex.o
 .debug_macro   0x0002733e      0x25b ./Drivers/STM32F4xx_HAL_Driver/Src/stm32f4xx_hal_rcc.o
 .debug_macro   0x00027599      0x246 ./Drivers/STM32F4xx_HAL_Driver/Src/stm32f4xx_hal_spi.o
 .debug_macro   0x000277df      0x238 ./Drivers/STM32F4xx_HAL_Driver/Src/stm32f4xx_hal_tim.o
 .debug_macro   0x00027a17      0x237 ./Drivers/STM32F4xx_HAL_Driver/Src/stm32f4xx_hal_tim_ex.o
 .debug_macro   0x00027c4e      0x238 ./Drivers/STM32F4xx_HAL_Driver/Src/stm32f4xx_hal_uart.o

.debug_line     0x00000000    0x1e8b4
 .debug_line    0x00000000      0xa7b ./Core/Src/ADS1294.o
 .debug_line    0x00000a7b      0xa07 ./Core/Src/MAX31856drv.o
 .debug_line    0x00001482      0x9d7 ./Core/Src/PID.o
 .debug_line    0x00001e59      0xa09 ./Core/Src/adc.o
 .debug_line    0x00002862      0x861 ./Core/Src/crc.o
 .debug_line    0x000030c3      0x891 ./Core/Src/dac.o
 .debug_line    0x00003954      0x825 ./Core/Src/dma.o
 .debug_line    0x00004179      0x8ae ./Core/Src/gpio.o
 .debug_line    0x00004a27      0x9ac ./Core/Src/i2c.o
 .debug_line    0x000053d3      0x942 ./Core/Src/main.o
 .debug_line    0x00005d15      0xb39 ./Core/Src/spi.o
 .debug_line    0x0000684e      0x826 ./Core/Src/stm32f4xx_hal_msp.o
 .debug_line    0x00007074      0xb02 ./Core/Src/stm32f4xx_it.o
 .debug_line    0x00007b76      0x8aa ./Core/Src/system_stm32f4xx.o
 .debug_line    0x00008420      0xa63 ./Core/Src/tim.o
 .debug_line    0x00008e83      0xa7d ./Core/Src/usart.o
 .debug_line    0x00009900       0x7a ./Core/Startup/startup_stm32f429zgtx.o
 .debug_line    0x0000997a      0xb49 ./Drivers/STM32F4xx_HAL_Driver/Src/stm32f4xx_hal.o
 .debug_line    0x0000a4c3     0x13a7 ./Drivers/STM32F4xx_HAL_Driver/Src/stm32f4xx_hal_adc.o
 .debug_line    0x0000b86a      0xddb ./Drivers/STM32F4xx_HAL_Driver/Src/stm32f4xx_hal_cortex.o
 .debug_line    0x0000c645      0x96c ./Drivers/STM32F4xx_HAL_Driver/Src/stm32f4xx_hal_crc.o
 .debug_line    0x0000cfb1      0xc87 ./Drivers/STM32F4xx_HAL_Driver/Src/stm32f4xx_hal_dac.o
 .debug_line    0x0000dc38     0x1083 ./Drivers/STM32F4xx_HAL_Driver/Src/stm32f4xx_hal_dma.o
 .debug_line    0x0000ecbb      0xcc7 ./Drivers/STM32F4xx_HAL_Driver/Src/stm32f4xx_hal_gpio.o
 .debug_line    0x0000f982     0x3c59 ./Drivers/STM32F4xx_HAL_Driver/Src/stm32f4xx_hal_i2c.o
 .debug_line    0x000135db      0x8a0 ./Drivers/STM32F4xx_HAL_Driver/Src/stm32f4xx_hal_i2c_ex.o
 .debug_line    0x00013e7b      0xe86 ./Drivers/STM32F4xx_HAL_Driver/Src/stm32f4xx_hal_rcc.o
 .debug_line    0x00014d01     0x1e0e ./Drivers/STM32F4xx_HAL_Driver/Src/stm32f4xx_hal_spi.o
 .debug_line    0x00016b0f     0x38b7 ./Drivers/STM32F4xx_HAL_Driver/Src/stm32f4xx_hal_tim.o
 .debug_line    0x0001a3c6     0x1b09 ./Drivers/STM32F4xx_HAL_Driver/Src/stm32f4xx_hal_tim_ex.o
 .debug_line    0x0001becf     0x29e5 ./Drivers/STM32F4xx_HAL_Driver/Src/stm32f4xx_hal_uart.o

.debug_str      0x00000000    0xebecc
 .debug_str     0x00000000    0xe5be2 ./Core/Src/ADS1294.o
                              0xe5ed4 (size before relaxing)
 .debug_str     0x000e5be2      0x85b ./Core/Src/MAX31856drv.o
                              0xe4d52 (size before relaxing)
 .debug_str     0x000e643d      0x2c3 ./Core/Src/PID.o
                              0xe4554 (size before relaxing)
 .debug_str     0x000e6700      0x962 ./Core/Src/adc.o
                              0xe4ca9 (size before relaxing)
 .debug_str     0x000e7062       0xff ./Core/Src/crc.o
                              0xe42af (size before relaxing)
 .debug_str     0x000e7161       0xa1 ./Core/Src/dac.o
                              0xe4613 (size before relaxing)
 .debug_str     0x000e7202       0x29 ./Core/Src/dma.o
                              0xe46b5 (size before relaxing)
 .debug_str     0x000e722b       0x2c ./Core/Src/gpio.o
                              0xe4795 (size before relaxing)
 .debug_str     0x000e7257      0x3ae ./Core/Src/i2c.o
                              0xe4867 (size before relaxing)
 .debug_str     0x000e7605      0x283 ./Core/Src/main.o
                              0xe65bf (size before relaxing)
 .debug_str     0x000e7888       0x7a ./Core/Src/spi.o
                              0xe477f (size before relaxing)
 .debug_str     0x000e7902       0x2c ./Core/Src/stm32f4xx_hal_msp.o
                              0xe4134 (size before relaxing)
 .debug_str     0x000e792e      0x221 ./Core/Src/stm32f4xx_it.o
                              0xe6268 (size before relaxing)
 .debug_str     0x000e7b4f       0xdb ./Core/Src/system_stm32f4xx.o
                              0xe3666 (size before relaxing)
 .debug_str     0x000e7c2a      0x543 ./Core/Src/tim.o
                              0xe4a3b (size before relaxing)
 .debug_str     0x000e816d      0x200 ./Core/Src/usart.o
                              0xe4716 (size before relaxing)
 .debug_str     0x000e836d       0x44 ./Core/Startup/startup_stm32f429zgtx.o
                                 0x62 (size before relaxing)
 .debug_str     0x000e83b1      0x626 ./Drivers/STM32F4xx_HAL_Driver/Src/stm32f4xx_hal.o
                              0xe4289 (size before relaxing)
 .debug_str     0x000e89d7      0x28e ./Drivers/STM32F4xx_HAL_Driver/Src/stm32f4xx_hal_adc.o
                              0xe3c40 (size before relaxing)
 .debug_str     0x000e8c65      0x347 ./Drivers/STM32F4xx_HAL_Driver/Src/stm32f4xx_hal_cortex.o
                              0xe3f85 (size before relaxing)
 .debug_str     0x000e8fac       0x98 ./Drivers/STM32F4xx_HAL_Driver/Src/stm32f4xx_hal_crc.o
                              0xe3681 (size before relaxing)
 .debug_str     0x000e9044      0x1ed ./Drivers/STM32F4xx_HAL_Driver/Src/stm32f4xx_hal_dac.o
                              0xe3ad5 (size before relaxing)
 .debug_str     0x000e9231      0x2c7 ./Drivers/STM32F4xx_HAL_Driver/Src/stm32f4xx_hal_dma.o
                              0xe3a6d (size before relaxing)
 .debug_str     0x000e94f8       0xe3 ./Drivers/STM32F4xx_HAL_Driver/Src/stm32f4xx_hal_gpio.o
                              0xe37e1 (size before relaxing)
 .debug_str     0x000e95db      0xad9 ./Drivers/STM32F4xx_HAL_Driver/Src/stm32f4xx_hal_i2c.o
                              0xe4676 (size before relaxing)
 .debug_str     0x000ea0b4       0x3b ./Drivers/STM32F4xx_HAL_Driver/Src/stm32f4xx_hal_i2c_ex.o
                              0xe3a35 (size before relaxing)
 .debug_str     0x000ea0ef      0x201 ./Drivers/STM32F4xx_HAL_Driver/Src/stm32f4xx_hal_rcc.o
                              0xe3a9a (size before relaxing)
 .debug_str     0x000ea2f0      0x4d4 ./Drivers/STM32F4xx_HAL_Driver/Src/stm32f4xx_hal_spi.o
                              0xe3f17 (size before relaxing)
 .debug_str     0x000ea7c4      0xd20 ./Drivers/STM32F4xx_HAL_Driver/Src/stm32f4xx_hal_tim.o
                              0xe49dd (size before relaxing)
 .debug_str     0x000eb4e4      0x3e1 ./Drivers/STM32F4xx_HAL_Driver/Src/stm32f4xx_hal_tim_ex.o
                              0xe41e9 (size before relaxing)
 .debug_str     0x000eb8c5      0x607 ./Drivers/STM32F4xx_HAL_Driver/Src/stm32f4xx_hal_uart.o
                              0xe4068 (size before relaxing)

.comment        0x00000000       0x43
 .comment       0x00000000       0x43 ./Core/Src/ADS1294.o
                                 0x44 (size before relaxing)
 .comment       0x00000043       0x44 ./Core/Src/MAX31856drv.o
 .comment       0x00000043       0x44 ./Core/Src/PID.o
 .comment       0x00000043       0x44 ./Core/Src/adc.o
 .comment       0x00000043       0x44 ./Core/Src/crc.o
 .comment       0x00000043       0x44 ./Core/Src/dac.o
 .comment       0x00000043       0x44 ./Core/Src/dma.o
 .comment       0x00000043       0x44 ./Core/Src/gpio.o
 .comment       0x00000043       0x44 ./Core/Src/i2c.o
 .comment       0x00000043       0x44 ./Core/Src/main.o
 .comment       0x00000043       0x44 ./Core/Src/spi.o
 .comment       0x00000043       0x44 ./Core/Src/stm32f4xx_hal_msp.o
 .comment       0x00000043       0x44 ./Core/Src/stm32f4xx_it.o
 .comment       0x00000043       0x44 ./Core/Src/system_stm32f4xx.o
 .comment       0x00000043       0x44 ./Core/Src/tim.o
 .comment       0x00000043       0x44 ./Core/Src/usart.o
 .comment       0x00000043       0x44 ./Drivers/STM32F4xx_HAL_Driver/Src/stm32f4xx_hal.o
 .comment       0x00000043       0x44 ./Drivers/STM32F4xx_HAL_Driver/Src/stm32f4xx_hal_adc.o
 .comment       0x00000043       0x44 ./Drivers/STM32F4xx_HAL_Driver/Src/stm32f4xx_hal_cortex.o
 .comment       0x00000043       0x44 ./Drivers/STM32F4xx_HAL_Driver/Src/stm32f4xx_hal_crc.o
 .comment       0x00000043       0x44 ./Drivers/STM32F4xx_HAL_Driver/Src/stm32f4xx_hal_dac.o
 .comment       0x00000043       0x44 ./Drivers/STM32F4xx_HAL_Driver/Src/stm32f4xx_hal_dma.o
 .comment       0x00000043       0x44 ./Drivers/STM32F4xx_HAL_Driver/Src/stm32f4xx_hal_gpio.o
 .comment       0x00000043       0x44 ./Drivers/STM32F4xx_HAL_Driver/Src/stm32f4xx_hal_i2c.o
 .comment       0x00000043       0x44 ./Drivers/STM32F4xx_HAL_Driver/Src/stm32f4xx_hal_i2c_ex.o
 .comment       0x00000043       0x44 ./Drivers/STM32F4xx_HAL_Driver/Src/stm32f4xx_hal_rcc.o
 .comment       0x00000043       0x44 ./Drivers/STM32F4xx_HAL_Driver/Src/stm32f4xx_hal_spi.o
 .comment       0x00000043       0x44 ./Drivers/STM32F4xx_HAL_Driver/Src/stm32f4xx_hal_tim.o
 .comment       0x00000043       0x44 ./Drivers/STM32F4xx_HAL_Driver/Src/stm32f4xx_hal_tim_ex.o
 .comment       0x00000043       0x44 ./Drivers/STM32F4xx_HAL_Driver/Src/stm32f4xx_hal_uart.o

.debug_frame    0x00000000     0x5cd4
 .debug_frame   0x00000000      0x1a4 ./Core/Src/ADS1294.o
 .debug_frame   0x000001a4      0x150 ./Core/Src/MAX31856drv.o
 .debug_frame   0x000002f4      0x164 ./Core/Src/PID.o
 .debug_frame   0x00000458       0xe0 ./Core/Src/adc.o
 .debug_frame   0x00000538       0x7c ./Core/Src/crc.o
 .debug_frame   0x000005b4       0x7c ./Core/Src/dac.o
 .debug_frame   0x00000630       0x34 ./Core/Src/dma.o
 .debug_frame   0x00000664       0x38 ./Core/Src/gpio.o
 .debug_frame   0x0000069c      0x124 ./Core/Src/i2c.o
 .debug_frame   0x000007c0       0x6c ./Core/Src/main.o
 .debug_frame   0x0000082c      0x10c ./Core/Src/spi.o
 .debug_frame   0x00000938       0x38 ./Core/Src/stm32f4xx_hal_msp.o
 .debug_frame   0x00000970      0x1fc ./Core/Src/stm32f4xx_it.o
 .debug_frame   0x00000b6c       0x58 ./Core/Src/system_stm32f4xx.o
 .debug_frame   0x00000bc4       0xf0 ./Core/Src/tim.o
 .debug_frame   0x00000cb4       0xe8 ./Core/Src/usart.o
 .debug_frame   0x00000d9c      0x3b4 ./Drivers/STM32F4xx_HAL_Driver/Src/stm32f4xx_hal.o
 .debug_frame   0x00001150      0x3fc ./Drivers/STM32F4xx_HAL_Driver/Src/stm32f4xx_hal_adc.o
 .debug_frame   0x0000154c      0x4b8 ./Drivers/STM32F4xx_HAL_Driver/Src/stm32f4xx_hal_cortex.o
 .debug_frame   0x00001a04      0x120 ./Drivers/STM32F4xx_HAL_Driver/Src/stm32f4xx_hal_crc.o
 .debug_frame   0x00001b24      0x338 ./Drivers/STM32F4xx_HAL_Driver/Src/stm32f4xx_hal_dac.o
 .debug_frame   0x00001e5c      0x250 ./Drivers/STM32F4xx_HAL_Driver/Src/stm32f4xx_hal_dma.o
 .debug_frame   0x000020ac      0x14c ./Drivers/STM32F4xx_HAL_Driver/Src/stm32f4xx_hal_gpio.o
 .debug_frame   0x000021f8      0xc84 ./Drivers/STM32F4xx_HAL_Driver/Src/stm32f4xx_hal_i2c.o
 .debug_frame   0x00002e7c       0x60 ./Drivers/STM32F4xx_HAL_Driver/Src/stm32f4xx_hal_i2c_ex.o
 .debug_frame   0x00002edc      0x1f4 ./Drivers/STM32F4xx_HAL_Driver/Src/stm32f4xx_hal_rcc.o
 .debug_frame   0x000030d0      0x828 ./Drivers/STM32F4xx_HAL_Driver/Src/stm32f4xx_hal_spi.o
 .debug_frame   0x000038f8     0x11c0 ./Drivers/STM32F4xx_HAL_Driver/Src/stm32f4xx_hal_tim.o
 .debug_frame   0x00004ab8      0x638 ./Drivers/STM32F4xx_HAL_Driver/Src/stm32f4xx_hal_tim_ex.o
 .debug_frame   0x000050f0      0x954 ./Drivers/STM32F4xx_HAL_Driver/Src/stm32f4xx_hal_uart.o
 .debug_frame   0x00005a44       0x20 D:/ST/STM32CubeIDE_1.16.0/STM32CubeIDE/plugins/com.st.stm32cube.ide.mcu.externaltools.gnu-tools-for-stm32.12.3.rel1.win32_1.0.200.202406191623/tools/bin/../lib/gcc/arm-none-eabi/12.3.1/../../../../arm-none-eabi/lib/thumb/v7e-m+fp/hard\libc_nano.a(libc_a-memset.o)
 .debug_frame   0x00005a64       0x2c D:/ST/STM32CubeIDE_1.16.0/STM32CubeIDE/plugins/com.st.stm32cube.ide.mcu.externaltools.gnu-tools-for-stm32.12.3.rel1.win32_1.0.200.202406191623/tools/bin/../lib/gcc/arm-none-eabi/12.3.1/../../../../arm-none-eabi/lib/thumb/v7e-m+fp/hard\libc_nano.a(libc_a-init.o)
 .debug_frame   0x00005a90       0xac D:/ST/STM32CubeIDE_1.16.0/STM32CubeIDE/plugins/com.st.stm32cube.ide.mcu.externaltools.gnu-tools-for-stm32.12.3.rel1.win32_1.0.200.202406191623/tools/bin/../lib/gcc/arm-none-eabi/12.3.1/thumb/v7e-m+fp/hard\libgcc.a(_arm_addsubdf3.o)
 .debug_frame   0x00005b3c       0x50 D:/ST/STM32CubeIDE_1.16.0/STM32CubeIDE/plugins/com.st.stm32cube.ide.mcu.externaltools.gnu-tools-for-stm32.12.3.rel1.win32_1.0.200.202406191623/tools/bin/../lib/gcc/arm-none-eabi/12.3.1/thumb/v7e-m+fp/hard\libgcc.a(_arm_muldivdf3.o)